Archive member included to satisfy reference by file (symbol)

/opt/arm-gnu-toolchain-12.2.rel1-x86_64-arm-none-eabi/bin/../lib/gcc/arm-none-eabi/12.2.1/thumb/v8-m.main+fp/hard/libgcc.a(_aeabi_ldivmod.o)
                              build/release/sdk/platform/emlib/src/em_usart.o (__aeabi_ldivmod)
/opt/arm-gnu-toolchain-12.2.rel1-x86_64-arm-none-eabi/bin/../lib/gcc/arm-none-eabi/12.2.1/thumb/v8-m.main+fp/hard/libgcc.a(_aeabi_uldivmod.o)
                              build/release/sdk/platform/emlib/src/em_usart.o (__aeabi_uldivmod)
/opt/arm-gnu-toolchain-12.2.rel1-x86_64-arm-none-eabi/bin/../lib/gcc/arm-none-eabi/12.2.1/thumb/v8-m.main+fp/hard/libgcc.a(_udivmoddi4.o)
                              /opt/arm-gnu-toolchain-12.2.rel1-x86_64-arm-none-eabi/bin/../lib/gcc/arm-none-eabi/12.2.1/thumb/v8-m.main+fp/hard/libgcc.a(_aeabi_ldivmod.o) (__udivmoddi4)
/opt/arm-gnu-toolchain-12.2.rel1-x86_64-arm-none-eabi/bin/../lib/gcc/arm-none-eabi/12.2.1/thumb/v8-m.main+fp/hard/libgcc.a(_dvmd_tls.o)
                              /opt/arm-gnu-toolchain-12.2.rel1-x86_64-arm-none-eabi/bin/../lib/gcc/arm-none-eabi/12.2.1/thumb/v8-m.main+fp/hard/libgcc.a(_aeabi_ldivmod.o) (__aeabi_ldiv0)
/opt/arm-gnu-toolchain-12.2.rel1-x86_64-arm-none-eabi/bin/../lib/gcc/arm-none-eabi/12.2.1/../../../../arm-none-eabi/lib/thumb/v8-m.main+fp/hard/libc_nano.a(libc_a-exit.o)
                              /opt/arm-gnu-toolchain-12.2.rel1-x86_64-arm-none-eabi/bin/../lib/gcc/arm-none-eabi/12.2.1/../../../../arm-none-eabi/lib/thumb/v8-m.main+fp/hard/crt0.o (exit)
/opt/arm-gnu-toolchain-12.2.rel1-x86_64-arm-none-eabi/bin/../lib/gcc/arm-none-eabi/12.2.1/../../../../arm-none-eabi/lib/thumb/v8-m.main+fp/hard/libc_nano.a(libc_a-init.o)
                              /opt/arm-gnu-toolchain-12.2.rel1-x86_64-arm-none-eabi/bin/../lib/gcc/arm-none-eabi/12.2.1/../../../../arm-none-eabi/lib/thumb/v8-m.main+fp/hard/crt0.o (__libc_init_array)
/opt/arm-gnu-toolchain-12.2.rel1-x86_64-arm-none-eabi/bin/../lib/gcc/arm-none-eabi/12.2.1/../../../../arm-none-eabi/lib/thumb/v8-m.main+fp/hard/libc_nano.a(libc_a-memcpy-stub.o)
                              build/release/sdk/platform/bootloader/communication/xmodem-uart/btl_comm_xmodem_common.o (memcpy)
/opt/arm-gnu-toolchain-12.2.rel1-x86_64-arm-none-eabi/bin/../lib/gcc/arm-none-eabi/12.2.1/../../../../arm-none-eabi/lib/thumb/v8-m.main+fp/hard/libc_nano.a(libc_a-malloc.o)
                              build/release/sdk/util/silicon_labs/silabs_core/memory_manager/sl_malloc.o (malloc)
/opt/arm-gnu-toolchain-12.2.rel1-x86_64-arm-none-eabi/bin/../lib/gcc/arm-none-eabi/12.2.1/../../../../arm-none-eabi/lib/thumb/v8-m.main+fp/hard/libc_nano.a(libc_a-mallocr.o)
                              /opt/arm-gnu-toolchain-12.2.rel1-x86_64-arm-none-eabi/bin/../lib/gcc/arm-none-eabi/12.2.1/../../../../arm-none-eabi/lib/thumb/v8-m.main+fp/hard/libc_nano.a(libc_a-malloc.o) (_malloc_r)
/opt/arm-gnu-toolchain-12.2.rel1-x86_64-arm-none-eabi/bin/../lib/gcc/arm-none-eabi/12.2.1/../../../../arm-none-eabi/lib/thumb/v8-m.main+fp/hard/libc_nano.a(libc_a-findfp.o)
                              /opt/arm-gnu-toolchain-12.2.rel1-x86_64-arm-none-eabi/bin/../lib/gcc/arm-none-eabi/12.2.1/../../../../arm-none-eabi/lib/thumb/v8-m.main+fp/hard/libc_nano.a(libc_a-exit.o) (__stdio_exit_handler)
/opt/arm-gnu-toolchain-12.2.rel1-x86_64-arm-none-eabi/bin/../lib/gcc/arm-none-eabi/12.2.1/../../../../arm-none-eabi/lib/thumb/v8-m.main+fp/hard/libc_nano.a(libc_a-strlen.o)
                              build/release/sdk/platform/security/sl_component/se_manager/src/sl_se_manager_key_derivation.o (strlen)
/opt/arm-gnu-toolchain-12.2.rel1-x86_64-arm-none-eabi/bin/../lib/gcc/arm-none-eabi/12.2.1/../../../../arm-none-eabi/lib/thumb/v8-m.main+fp/hard/libc_nano.a(libc_a-stdio.o)
                              /opt/arm-gnu-toolchain-12.2.rel1-x86_64-arm-none-eabi/bin/../lib/gcc/arm-none-eabi/12.2.1/../../../../arm-none-eabi/lib/thumb/v8-m.main+fp/hard/libc_nano.a(libc_a-findfp.o) (__sread)
/opt/arm-gnu-toolchain-12.2.rel1-x86_64-arm-none-eabi/bin/../lib/gcc/arm-none-eabi/12.2.1/../../../../arm-none-eabi/lib/thumb/v8-m.main+fp/hard/libc_nano.a(libc_a-mlock.o)
                              /opt/arm-gnu-toolchain-12.2.rel1-x86_64-arm-none-eabi/bin/../lib/gcc/arm-none-eabi/12.2.1/../../../../arm-none-eabi/lib/thumb/v8-m.main+fp/hard/libc_nano.a(libc_a-mallocr.o) (__malloc_lock)
/opt/arm-gnu-toolchain-12.2.rel1-x86_64-arm-none-eabi/bin/../lib/gcc/arm-none-eabi/12.2.1/../../../../arm-none-eabi/lib/thumb/v8-m.main+fp/hard/libc_nano.a(libc_a-calloc.o)
                              build/release/sdk/util/silicon_labs/silabs_core/memory_manager/sl_malloc.o (calloc)
/opt/arm-gnu-toolchain-12.2.rel1-x86_64-arm-none-eabi/bin/../lib/gcc/arm-none-eabi/12.2.1/../../../../arm-none-eabi/lib/thumb/v8-m.main+fp/hard/libc_nano.a(libc_a-callocr.o)
[...]
Memory Configuration

Name             Origin             Length             Attributes
FLASH            0x0000000000000000 0x0000000000004000 xr
RAM              0x0000000020000004 0x0000000000017ffc xrw
BOOTLOADER_RESET_REGION 0x0000000020000000 0x0000000000000004 xrw
*default*        0x0000000000000000 0xffffffffffffffff

Linker script and memory map

LOAD /opt/arm-gnu-toolchain-12.2.rel1-x86_64-arm-none-eabi/bin/../lib/gcc/arm-none-eabi/12.2.1/thumb/v8-m.main+fp/hard/crti.o
LOAD /opt/arm-gnu-toolchain-12.2.rel1-x86_64-arm-none-eabi/bin/../lib/gcc/arm-none-eabi/12.2.1/thumb/v8-m.main+fp/hard/crtbegin.o
LOAD /opt/arm-gnu-toolchain-12.2.rel1-x86_64-arm-none-eabi/bin/../lib/gcc/arm-none-eabi/12.2.1/../../../../arm-none-eabi/lib/thumb/v8-m.main+fp/hard/crt0.o
LOAD build/release/sdk/platform/bootloader/communication/xmodem-parser/btl_xmodem.o
LOAD build/release/sdk/platform/bootloader/communication/xmodem-uart/btl_comm_xmodem.o
LOAD build/release/sdk/platform/bootloader/communication/xmodem-uart/btl_comm_xmodem_common.o
LOAD build/release/sdk/platform/bootloader/core/btl_bootload.o
LOAD build/release/sdk/platform/bootloader/core/btl_core.o
LOAD build/release/sdk/platform/bootloader/core/btl_main.o
LOAD build/release/sdk/platform/bootloader/core/btl_parse.o
LOAD build/release/sdk/platform/bootloader/core/btl_reset.o
LOAD build/release/sdk/platform/bootloader/core/flash/btl_internal_flash.o
LOAD build/release/sdk/platform/bootloader/debug/btl_debug.o
LOAD build/release/sdk/platform/bootloader/debug/btl_debug_swo.o
LOAD build/release/sdk/platform/bootloader/driver/btl_driver_delay.o
LOAD build/release/sdk/platform/bootloader/driver/btl_driver_uart.o
LOAD build/release/sdk/platform/bootloader/driver/btl_driver_util.o
LOAD build/release/sdk/platform/bootloader/gpio/gpio-activation/btl_gpio_activation.o
LOAD build/release/sdk/platform/bootloader/parser/gbl/btl_gbl_custom_tags.o
LOAD build/release/sdk/platform/bootloader/parser/gbl/btl_gbl_format.o
LOAD build/release/sdk/platform/bootloader/parser/gbl/btl_gbl_parser.o
LOAD build/release/sdk/platform/bootloader/security/btl_crc16.o
LOAD build/release/sdk/platform/bootloader/security/btl_crc32.o
LOAD build/release/sdk/platform/bootloader/security/btl_security_aes.o
LOAD build/release/sdk/platform/bootloader/security/btl_security_ecdsa.o
LOAD build/release/sdk/platform/bootloader/security/btl_security_sha256.o
LOAD build/release/sdk/platform/bootloader/security/btl_security_tokens.o
LOAD build/release/sdk/platform/bootloader/security/ecc/ecc.o
LOAD build/release/sdk/platform/bootloader/security/sha/btl_sha256.o
LOAD build/release/sdk/platform/bootloader/security/sha/crypto_sha.o
LOAD build/release/sdk/platform/bootloader/security/sha/cryptoacc_sha.o
LOAD build/release/sdk/platform/bootloader/security/sha/se_sha.o
LOAD build/release/sdk/platform/common/src/sl_assert.o
LOAD build/release/sdk/platform/common/src/sl_syscalls.o
LOAD build/release/sdk/platform/common/toolchain/src/sl_memory.o
LOAD build/release/sdk/platform/Device/SiliconLabs/MGM21/Source/startup_mgm21.o
LOAD build/release/sdk/platform/Device/SiliconLabs/MGM21/Source/system_mgm21.o
LOAD build/release/sdk/platform/emlib/src/em_acmp.o
LOAD build/release/sdk/platform/emlib/src/em_burtc.o
LOAD build/release/sdk/platform/emlib/src/em_cmu.o
LOAD build/release/sdk/platform/emlib/src/em_core.o
LOAD build/release/sdk/platform/emlib/src/em_dbg.o
LOAD build/release/sdk/platform/emlib/src/em_emu.o
LOAD build/release/sdk/platform/emlib/src/em_gpcrc.o
LOAD build/release/sdk/platform/emlib/src/em_gpio.o
LOAD build/release/sdk/platform/emlib/src/em_i2c.o
LOAD build/release/sdk/platform/emlib/src/em_iadc.o
LOAD build/release/sdk/platform/emlib/src/em_ldma.o
LOAD build/release/sdk/platform/emlib/src/em_letimer.o
LOAD build/release/sdk/platform/emlib/src/em_msc.o
LOAD build/release/sdk/platform/emlib/src/em_prs.o
LOAD build/release/sdk/platform/emlib/src/em_rmu.o
LOAD build/release/sdk/platform/emlib/src/em_rtcc.o
LOAD build/release/sdk/platform/emlib/src/em_se.o
LOAD build/release/sdk/platform/emlib/src/em_system.o
LOAD build/release/sdk/platform/emlib/src/em_timer.o
LOAD build/release/sdk/platform/emlib/src/em_usart.o
LOAD build/release/sdk/platform/emlib/src/em_wdog.o
LOAD build/release/sdk/platform/security/sl_component/se_manager/src/sl_se_manager.o
LOAD build/release/sdk/platform/security/sl_component/se_manager/src/sl_se_manager_attestation.o
LOAD build/release/sdk/platform/security/sl_component/se_manager/src/sl_se_manager_cipher.o
LOAD build/release/sdk/platform/security/sl_component/se_manager/src/sl_se_manager_entropy.o
LOAD build/release/sdk/platform/security/sl_component/se_manager/src/sl_se_manager_hash.o
LOAD build/release/sdk/platform/security/sl_component/se_manager/src/sl_se_manager_key_derivation.o
LOAD build/release/sdk/platform/security/sl_component/se_manager/src/sl_se_manager_key_handling.o
LOAD build/release/sdk/platform/security/sl_component/se_manager/src/sl_se_manager_signature.o
LOAD build/release/sdk/platform/security/sl_component/se_manager/src/sl_se_manager_util.o
LOAD build/release/sdk/platform/security/sl_component/sl_mbedtls_support/src/se_aes.o
LOAD build/release/sdk/platform/security/sl_component/sl_mbedtls_support/src/sl_mbedtls.o
LOAD build/release/sdk/platform/security/sl_component/sl_psa_driver/src/sli_psa_driver_common.o
LOAD build/release/sdk/platform/security/sl_component/sl_psa_driver/src/sli_psa_driver_init.o
LOAD build/release/sdk/platform/security/sl_component/sl_psa_driver/src/sli_se_driver_aead.o
LOAD build/release/sdk/platform/security/sl_component/sl_psa_driver/src/sli_se_driver_builtin_keys.o
LOAD build/release/sdk/platform/security/sl_component/sl_psa_driver/src/sli_se_driver_cipher.o
LOAD build/release/sdk/platform/security/sl_component/sl_psa_driver/src/sli_se_driver_key_derivation.o
LOAD build/release/sdk/platform/security/sl_component/sl_psa_driver/src/sli_se_driver_key_management.o
LOAD build/release/sdk/platform/security/sl_component/sl_psa_driver/src/sli_se_driver_mac.o
LOAD build/release/sdk/platform/security/sl_component/sl_psa_driver/src/sli_se_driver_signature.o
LOAD build/release/sdk/platform/security/sl_component/sl_psa_driver/src/sli_se_opaque_driver_aead.o
LOAD build/release/sdk/platform/security/sl_component/sl_psa_driver/src/sli_se_opaque_driver_cipher.o
LOAD build/release/sdk/platform/security/sl_component/sl_psa_driver/src/sli_se_opaque_driver_mac.o
LOAD build/release/sdk/platform/security/sl_component/sl_psa_driver/src/sli_se_opaque_key_derivation.o
LOAD build/release/sdk/platform/security/sl_component/sl_psa_driver/src/sli_se_transparent_driver_aead.o
LOAD build/release/sdk/platform/security/sl_component/sl_psa_driver/src/sli_se_transparent_driver_cipher.o
LOAD build/release/sdk/platform/security/sl_component/sl_psa_driver/src/sli_se_transparent_driver_hash.o
LOAD build/release/sdk/platform/security/sl_component/sl_psa_driver/src/sli_se_transparent_driver_mac.o
LOAD build/release/sdk/platform/security/sl_component/sl_psa_driver/src/sli_se_transparent_key_derivation.o
LOAD build/release/sdk/platform/security/sl_component/sl_psa_driver/src/sli_se_version_dependencies.o
LOAD build/release/sdk/platform/service/udelay/src/sl_udelay.o
LOAD build/release/sdk/platform/service/udelay/src/sl_udelay_armv6m_gcc.o
LOAD build/release/sdk/util/silicon_labs/silabs_core/memory_manager/sl_malloc.o
LOAD build/release/sdk/util/third_party/mbedtls/library/aes.o
LOAD build/release/sdk/util/third_party/mbedtls/library/constant_time.o
LOAD build/release/sdk/util/third_party/mbedtls/library/platform.o
LOAD build/release/sdk/util/third_party/mbedtls/library/platform_util.o
LOAD build/release/sdk/util/third_party/mbedtls/library/psa_crypto_client.o
LOAD build/release/sdk/util/third_party/mbedtls/library/psa_util.o
LOAD build/release/sdk/util/third_party/mbedtls/library/threading.o
LOAD build/release/sdk/util/third_party/trusted-firmware-m/lib/fih/src/fih.o
LOAD build/release/sdk/util/third_party/trusted-firmware-m/platform/ext/target/siliconlabs/hse/sli_se.o
START GROUP
LOAD /opt/arm-gnu-toolchain-12.2.rel1-x86_64-arm-none-eabi/bin/../lib/gcc/arm-none-eabi/12.2.1/thumb/v8-m.main+fp/hard/libgcc.a
LOAD /opt/arm-gnu-toolchain-12.2.rel1-x86_64-arm-none-eabi/bin/../lib/gcc/arm-none-eabi/12.2.1/../../../../arm-none-eabi/lib/thumb/v8-m.main+fp/hard/libc_nano.a
LOAD /opt/arm-gnu-toolchain-12.2.rel1-x86_64-arm-none-eabi/bin/../lib/gcc/arm-none-eabi/12.2.1/../../../../arm-none-eabi/lib/thumb/v8-m.main+fp/hard/libm.a
LOAD /opt/arm-gnu-toolchain-12.2.rel1-x86_64-arm-none-eabi/bin/../lib/gcc/arm-none-eabi/12.2.1/../../../../arm-none-eabi/lib/thumb/v8-m.main+fp/hard/libnosys.a
END GROUP
START GROUP
LOAD /opt/arm-gnu-toolchain-12.2.rel1-x86_64-arm-none-eabi/bin/../lib/gcc/arm-none-eabi/12.2.1/thumb/v8-m.main+fp/hard/libgcc.a
LOAD /opt/arm-gnu-toolchain-12.2.rel1-x86_64-arm-none-eabi/bin/../lib/gcc/arm-none-eabi/12.2.1/../../../../arm-none-eabi/lib/thumb/v8-m.main+fp/hard/libc_nano.a
END GROUP
START GROUP
LOAD /opt/arm-gnu-toolchain-12.2.rel1-x86_64-arm-none-eabi/bin/../lib/gcc/arm-none-eabi/12.2.1/thumb/v8-m.main+fp/hard/libgcc.a
LOAD /opt/arm-gnu-toolchain-12.2.rel1-x86_64-arm-none-eabi/bin/../lib/gcc/arm-none-eabi/12.2.1/../../../../arm-none-eabi/lib/thumb/v8-m.main+fp/hard/libc_nano.a
END GROUP
LOAD /opt/arm-gnu-toolchain-12.2.rel1-x86_64-arm-none-eabi/bin/../lib/gcc/arm-none-eabi/12.2.1/thumb/v8-m.main+fp/hard/crtend.o
LOAD /opt/arm-gnu-toolchain-12.2.rel1-x86_64-arm-none-eabi/bin/../lib/gcc/arm-none-eabi/12.2.1/thumb/v8-m.main+fp/hard/crtn.o

.text           0x0000000000000000     0x2b00
                0x0000000000000000                linker_vectors_begin = .
 *(.vectors)
 .vectors       0x0000000000000000      0x134 build/release/sdk/platform/Device/SiliconLabs/MGM21/Source/startup_mgm21.o
                0x0000000000000000                __Vectors
                0x0000000000000134                linker_vectors_end = .
                0x0000000000000134                __Vectors_End = .
                0x0000000000000134                __Vectors_Size = (__Vectors_End - __Vectors)
                0x0000000000000134                linker_code_begin = .
 *(SORT_BY_ALIGNMENT(.text*))
 *fill*         0x0000000000000134        0x4 
 .text.Reset_Handler
                0x0000000000000138       0x40 build/release/sdk/platform/Device/SiliconLabs/MGM21/Source/startup_mgm21.o
                0x0000000000000138                Reset_Handler
 .text.deregister_tm_clones
                0x0000000000000178       0x1c /opt/arm-gnu-toolchain-12.2.rel1-x86_64-arm-none-eabi/bin/../lib/gcc/arm-none-eabi/12.2.1/thumb/v8-m.main+fp/hard/crtbegin.o
 .text.register_tm_clones
                0x0000000000000194       0x28 /opt/arm-gnu-toolchain-12.2.rel1-x86_64-arm-none-eabi/bin/../lib/gcc/arm-none-eabi/12.2.1/thumb/v8-m.main+fp/hard/crtbegin.o
 .text.__do_global_dtors_aux
                0x00000000000001bc       0x28 /opt/arm-gnu-toolchain-12.2.rel1-x86_64-arm-none-eabi/bin/../lib/gcc/arm-none-eabi/12.2.1/thumb/v8-m.main+fp/hard/crtbegin.o
 .text.frame_dummy
                0x00000000000001e4       0x24 /opt/arm-gnu-toolchain-12.2.rel1-x86_64-arm-none-eabi/bin/../lib/gcc/arm-none-eabi/12.2.1/thumb/v8-m.main+fp/hard/crtbegin.o
 .text.xmodem_reset
                0x0000000000000208       0x14 build/release/sdk/platform/bootloader/communication/xmodem-parser/btl_xmodem.o
                0x0000000000000208                xmodem_reset
 .text.xmodem_parsePacket
                0x000000000000021c       0xbc build/release/sdk/platform/bootloader/communication/xmodem-parser/btl_xmodem.o
                0x000000000000021c                xmodem_parsePacket
 .text.communication_main
                0x00000000000002d8       0x10 build/release/sdk/platform/bootloader/communication/xmodem-uart/btl_comm_xmodem.o
                0x00000000000002d8                communication_main
 .text.bootloader_xmodem_communication_start
                0x00000000000002e8       0x6c build/release/sdk/platform/bootloader/communication/xmodem-uart/btl_comm_xmodem_common.o
                0x00000000000002e8                bootloader_xmodem_communication_start
 .text.bootloader_xmodem_communication_main
                0x0000000000000354      0x36c build/release/sdk/platform/bootloader/communication/xmodem-uart/btl_comm_xmodem_common.o
                0x0000000000000354                bootloader_xmodem_communication_main
 .text.bootload_checkApplicationPropertiesMagic
                0x00000000000006c0       0x48 build/release/sdk/platform/bootloader/core/btl_bootload.o
                0x00000000000006c0                bootload_checkApplicationPropertiesMagic
 .text.bootload_verifyApplication
                0x0000000000000708       0xf8 build/release/sdk/platform/bootloader/core/btl_bootload.o
                0x0000000000000708                bootload_verifyApplication
 .text.bootload_commitBootloaderUpgrade
                0x0000000000000800       0x88 build/release/sdk/platform/bootloader/core/btl_bootload.o
                0x0000000000000800                bootload_commitBootloaderUpgrade
 .text.bootload_commitSeUpgrade
                0x0000000000000888       0x60 build/release/sdk/platform/bootloader/core/btl_bootload.o
                0x0000000000000888                bootload_commitSeUpgrade
 .text.bootload_getSeVersion
                0x00000000000008e8       0x44 build/release/sdk/platform/bootloader/core/btl_bootload.o
                0x00000000000008e8                bootload_getSeVersion
 .text.btl_getPeripheralList
                0x000000000000092c       0x1c build/release/sdk/platform/bootloader/core/btl_main.o
 .text.startup.main
                0x0000000000000948       0xdc build/release/sdk/platform/bootloader/core/btl_main.o
                0x0000000000000948                main
 .text.SystemInit2
                0x0000000000000a24       0x98 build/release/sdk/platform/bootloader/core/btl_main.o
                0x0000000000000a24                SystemInit2
 .text.reset_invalidateResetReason
                0x0000000000000abc       0x10 build/release/sdk/platform/bootloader/core/btl_reset.o
                0x0000000000000abc                reset_invalidateResetReason
 .text.reset_resetCounterEnabled
                0x0000000000000acc       0x1c build/release/sdk/platform/bootloader/core/btl_reset.o
                0x0000000000000acc                reset_resetCounterEnabled
 .text.reset_setResetReason
                0x0000000000000ae8       0x18 build/release/sdk/platform/bootloader/core/btl_reset.o
                0x0000000000000ae8                reset_setResetReason
 .text.reset_resetWithReason
                0x0000000000000b00       0x28 build/release/sdk/platform/bootloader/core/btl_reset.o
                0x0000000000000b00                reset_resetWithReason
 .text.reset_classifyReset
                0x0000000000000b28       0x2c build/release/sdk/platform/bootloader/core/btl_reset.o
                0x0000000000000b28                reset_classifyReset
 .text.delay_init
                0x0000000000000b54       0x44 build/release/sdk/platform/bootloader/driver/btl_driver_delay.o
                0x0000000000000b54                delay_init
 .text.delay_milliseconds
                0x0000000000000b98       0x4c build/release/sdk/platform/bootloader/driver/btl_driver_delay.o
                0x0000000000000b98                delay_milliseconds
 .text.delay_expired
                0x0000000000000be4       0x34 build/release/sdk/platform/bootloader/driver/btl_driver_delay.o
                0x0000000000000be4                delay_expired
 .text.uart_init
                0x0000000000000c18      0x12c build/release/sdk/platform/bootloader/driver/btl_driver_uart.o
                0x0000000000000c18                uart_init
 .text.uart_isTxIdle
                0x0000000000000d44       0x2c build/release/sdk/platform/bootloader/driver/btl_driver_uart.o
                0x0000000000000d44                uart_isTxIdle
 .text.uart_sendBuffer
                0x0000000000000d70       0x70 build/release/sdk/platform/bootloader/driver/btl_driver_uart.o
                0x0000000000000d70                uart_sendBuffer
 .text.uart_sendByte
                0x0000000000000de0       0x28 build/release/sdk/platform/bootloader/driver/btl_driver_uart.o
                0x0000000000000de0                uart_sendByte
 .text.uart_getRxAvailableBytes
                0x0000000000000e08       0x48 build/release/sdk/platform/bootloader/driver/btl_driver_uart.o
                0x0000000000000e08                uart_getRxAvailableBytes
 .text.uart_receiveBuffer
                0x0000000000000e50       0xa4 build/release/sdk/platform/bootloader/driver/btl_driver_uart.o
                0x0000000000000e50                uart_receiveBuffer
 .text.uart_flush
                0x0000000000000ef4       0x3c build/release/sdk/platform/bootloader/driver/btl_driver_uart.o
                0x0000000000000ef4                uart_flush
 .text.util_getClockFreq
                0x0000000000000f30       0x88 build/release/sdk/platform/bootloader/driver/btl_driver_util.o
                0x0000000000000f30                util_getClockFreq
 .text.gpio_enterBootloader
                0x0000000000000fb8       0x5c build/release/sdk/platform/bootloader/gpio/gpio-activation/btl_gpio_activation.o
                0x0000000000000fb8                gpio_enterBootloader
 .text.gbl_getTagParsingInfoFromTagId
                0x0000000000001014       0x24 build/release/sdk/platform/bootloader/parser/gbl/btl_gbl_format.o
                0x0000000000001014                gbl_getTagParsingInfoFromTagId
 .text.gbl_parseHeader
                0x0000000000001038       0x7c build/release/sdk/platform/bootloader/parser/gbl/btl_gbl_parser.o
 .text.parser_init
                0x00000000000010b4       0x74 build/release/sdk/platform/bootloader/parser/gbl/btl_gbl_parser.o
                0x00000000000010b4                parser_init
 .text.parser_parse
                0x0000000000001128      0x694 build/release/sdk/platform/bootloader/parser/gbl/btl_gbl_parser.o
                0x0000000000001128                parser_parse
 .text.btl_crc32Stream
                0x00000000000017bc       0x28 build/release/sdk/platform/bootloader/security/btl_crc32.o
                0x00000000000017bc                btl_crc32Stream
 .text.btl_verifyEcdsaP256r1
                0x00000000000017e4       0xf4 build/release/sdk/platform/bootloader/security/btl_security_ecdsa.o
                0x00000000000017e4                btl_verifyEcdsaP256r1
 .text.btl_getSignedBootloaderKeyXPtr
                0x00000000000018d8       0x30 build/release/sdk/platform/bootloader/security/btl_security_tokens.o
                0x00000000000018d8                btl_getSignedBootloaderKeyXPtr
 .text.btl_getSignedBootloaderKeyYPtr
                0x0000000000001908       0x30 build/release/sdk/platform/bootloader/security/btl_security_tokens.o
                0x0000000000001908                btl_getSignedBootloaderKeyYPtr
 .text.btl_getImageFileEncryptionKeyPtr
                0x0000000000001938        0x8 build/release/sdk/platform/bootloader/security/btl_security_tokens.o
                0x0000000000001938                btl_getImageFileEncryptionKeyPtr
 .text.sha_x_update
                0x0000000000001940       0xbc build/release/sdk/platform/bootloader/security/sha/btl_sha256.o
                0x0000000000001940                sha_x_update
 .text.sha_x_finish.part.0
                0x00000000000019fc       0x98 build/release/sdk/platform/bootloader/security/sha/btl_sha256.o
 .text.sha_x_process
                0x0000000000001a94       0x9c build/release/sdk/platform/bootloader/security/sha/se_sha.o
                0x0000000000001a94                sha_x_process
 .text.Copy_Table
                0x0000000000001b30       0x28 build/release/sdk/platform/Device/SiliconLabs/MGM21/Source/startup_mgm21.o
                0x0000000000001b30                Copy_Table
 .text.Zero_Table
                0x0000000000001b58       0x24 build/release/sdk/platform/Device/SiliconLabs/MGM21/Source/startup_mgm21.o
                0x0000000000001b58                Zero_Table
 .text.CopyRamFuncs
                0x0000000000001b7c       0x1c build/release/sdk/platform/Device/SiliconLabs/MGM21/Source/startup_mgm21.o
                0x0000000000001b7c                CopyRamFuncs
 .text.SystemInit
                0x0000000000001b98       0x1c build/release/sdk/platform/Device/SiliconLabs/MGM21/Source/system_mgm21.o
                0x0000000000001b98                SystemInit
 .text.GPIO_PinModeSet
                0x0000000000001bb4       0x80 build/release/sdk/platform/emlib/src/em_gpio.o
                0x0000000000001bb4                GPIO_PinModeSet
 .text.mscStatusWait
                0x0000000000001c34       0x54 build/release/sdk/platform/emlib/src/em_msc.o
                0x0000000000001c34                mscStatusWait
 .text.MSC_ErasePage
                0x0000000000001c88       0x48 build/release/sdk/platform/emlib/src/em_msc.o
                0x0000000000001c88                MSC_ErasePage
 .text.MSC_WriteWordDma
                0x0000000000001cd0       0xd4 build/release/sdk/platform/emlib/src/em_msc.o
                0x0000000000001cd0                MSC_WriteWordDma
 .text.SYSTEM_ChipRevisionGet
                0x0000000000001da4       0x1c build/release/sdk/platform/emlib/src/em_system.o
                0x0000000000001da4                SYSTEM_ChipRevisionGet
 .text.sl_se_read_pubkey
                0x0000000000001dc0       0x58 build/release/sdk/platform/security/sl_component/se_manager/src/sl_se_manager_util.o
                0x0000000000001dc0                sl_se_read_pubkey
 .text.mbedtls_aes_crypt_ecb
                0x0000000000001e18       0xc8 build/release/sdk/platform/security/sl_component/sl_mbedtls_support/src/se_aes.o
                0x0000000000001e18                mbedtls_aes_crypt_ecb
 .text.mbedtls_aes_crypt_ctr
                0x0000000000001ee0      0x180 build/release/sdk/platform/security/sl_component/sl_mbedtls_support/src/se_aes.o
                0x0000000000001ee0                mbedtls_aes_crypt_ctr
 .text.communication_init
                0x0000000000002060        0x4 build/release/sdk/platform/bootloader/communication/xmodem-uart/btl_comm_xmodem.o
                0x0000000000002060                communication_init
 .text.communication_start
                0x0000000000002064        0x4 build/release/sdk/platform/bootloader/communication/xmodem-uart/btl_comm_xmodem.o
                0x0000000000002064                communication_start
 .text.communication_shutdown
                0x0000000000002068        0x2 build/release/sdk/platform/bootloader/communication/xmodem-uart/btl_comm_xmodem.o
                0x0000000000002068                communication_shutdown
 .text.sendPacket.isra.0
                0x000000000000206a       0x1e build/release/sdk/platform/bootloader/communication/xmodem-uart/btl_comm_xmodem_common.o
 .text.bootloader_xmodem_communication_init
                0x0000000000002088        0x4 build/release/sdk/platform/bootloader/communication/xmodem-uart/btl_comm_xmodem_common.o
                0x0000000000002088                bootloader_xmodem_communication_init
 .text.SE_readCommandResponse
                0x000000000000208c       0x12 build/release/sdk/platform/bootloader/core/btl_bootload.o
 .text.flashData
                0x000000000000209e       0x44 build/release/sdk/platform/bootloader/core/btl_bootload.o
 .text.bootload_applicationCallback
                0x00000000000020e2       0x20 build/release/sdk/platform/bootloader/core/btl_bootload.o
                0x00000000000020e2                bootload_applicationCallback
 .text.bootload_bootloaderCallback
                0x0000000000002102       0x4a build/release/sdk/platform/bootloader/core/btl_bootload.o
                0x0000000000002102                bootload_bootloaderCallback
 .text.bootload_checkApplicationPropertiesVersion
                0x000000000000214c        0xe build/release/sdk/platform/bootloader/core/btl_bootload.o
                0x000000000000214c                bootload_checkApplicationPropertiesVersion
 .text.getSignatureX
                0x000000000000215a       0x26 build/release/sdk/platform/bootloader/core/btl_bootload.o
 .text.bootload_getBootloaderVersion
                0x0000000000002180        0x8 build/release/sdk/platform/bootloader/core/btl_bootload.o
                0x0000000000002180                bootload_getBootloaderVersion
 .text.bootload_checkSeUpgradeVersion
                0x0000000000002188       0x20 build/release/sdk/platform/bootloader/core/btl_bootload.o
                0x0000000000002188                bootload_checkSeUpgradeVersion
 .text.bootload_getUpgradeLocation
                0x00000000000021a8        0x6 build/release/sdk/platform/bootloader/core/btl_bootload.o
                0x00000000000021a8                bootload_getUpgradeLocation
 .text.btl_init
                0x00000000000021ae        0x4 build/release/sdk/platform/bootloader/core/btl_core.o
                0x00000000000021ae                btl_init
 .text.btl_deinit
                0x00000000000021b2        0x4 build/release/sdk/platform/bootloader/core/btl_core.o
                0x00000000000021b2                btl_deinit
 .text.bootToApp
                0x00000000000021b6       0x14 build/release/sdk/platform/bootloader/core/btl_main.o
 .text.HardFault_Handler
                0x00000000000021ca        0x8 build/release/sdk/platform/bootloader/core/btl_main.o
                0x00000000000021ca                HardFault_Handler
 .text.core_initParser
                0x00000000000021d2       0x30 build/release/sdk/platform/bootloader/core/btl_parse.o
                0x00000000000021d2                core_initParser
 .text.core_parseBuffer
                0x0000000000002202       0x30 build/release/sdk/platform/bootloader/core/btl_parse.o
                0x0000000000002202                core_parseBuffer
 .text.core_parseImageInfo
                0x0000000000002232       0x76 build/release/sdk/platform/bootloader/core/btl_parse.o
                0x0000000000002232                core_parseImageInfo
 .text.core_parserContextSize
                0x00000000000022a8        0x6 build/release/sdk/platform/bootloader/core/btl_parse.o
                0x00000000000022a8                core_parserContextSize
 .text.flash_erasePage
                0x00000000000022ae        0xe build/release/sdk/platform/bootloader/core/flash/btl_internal_flash.o
                0x00000000000022ae                flash_erasePage
 .text.flash_writeBuffer_dma
                0x00000000000022bc       0x2e build/release/sdk/platform/bootloader/core/flash/btl_internal_flash.o
                0x00000000000022bc                flash_writeBuffer_dma
 .text.uart_receiveByteTimeout
                0x00000000000022ea       0x14 build/release/sdk/platform/bootloader/driver/btl_driver_uart.o
                0x00000000000022ea                uart_receiveByteTimeout
 .text.gbl_storeData
                0x00000000000022fe       0x42 build/release/sdk/platform/bootloader/parser/gbl/btl_gbl_parser.o
 .text.gbl_getData
                0x0000000000002340      0x102 build/release/sdk/platform/bootloader/parser/gbl/btl_gbl_parser.o
 .text.gbl_writeProgData
                0x0000000000002442       0xa0 build/release/sdk/platform/bootloader/parser/gbl/btl_gbl_parser.o
                0x0000000000002442                gbl_writeProgData
 .text.btl_crc16
                0x00000000000024e2       0x1e build/release/sdk/platform/bootloader/security/btl_crc16.o
                0x00000000000024e2                btl_crc16
 .text.btl_crc16Stream
                0x0000000000002500       0x1a build/release/sdk/platform/bootloader/security/btl_crc16.o
                0x0000000000002500                btl_crc16Stream
 .text.btl_initAesCcm
                0x000000000000251a       0x4a build/release/sdk/platform/bootloader/security/btl_security_aes.o
                0x000000000000251a                btl_initAesCcm
 .text.btl_processAesCtrData
                0x0000000000002564       0x22 build/release/sdk/platform/bootloader/security/btl_security_aes.o
                0x0000000000002564                btl_processAesCtrData
 .text.btl_initSha256
                0x0000000000002586       0x14 build/release/sdk/platform/bootloader/security/btl_security_sha256.o
                0x0000000000002586                btl_initSha256
 .text.btl_updateSha256
                0x000000000000259a        0x4 build/release/sdk/platform/bootloader/security/btl_security_sha256.o
                0x000000000000259a                btl_updateSha256
 .text.btl_finalizeSha256
                0x000000000000259e        0x6 build/release/sdk/platform/bootloader/security/btl_security_sha256.o
                0x000000000000259e                btl_finalizeSha256
 .text.btl_sha256_init
                0x00000000000025a4        0x8 build/release/sdk/platform/bootloader/security/sha/btl_sha256.o
                0x00000000000025a4                btl_sha256_init
 .text.btl_sha256_starts_ret
                0x00000000000025ac        0xa build/release/sdk/platform/bootloader/security/sha/btl_sha256.o
                0x00000000000025ac                btl_sha256_starts_ret
 .text.btl_sha256_update_ret
                0x00000000000025b6       0x1a build/release/sdk/platform/bootloader/security/sha/btl_sha256.o
                0x00000000000025b6                btl_sha256_update_ret
 .text.btl_sha256_finish_ret
                0x00000000000025d0        0xe build/release/sdk/platform/bootloader/security/sha/btl_sha256.o
                0x00000000000025d0                btl_sha256_finish_ret
 .text.Default_Handler
                0x00000000000025de        0x2 build/release/sdk/platform/Device/SiliconLabs/MGM21/Source/startup_mgm21.o
                0x00000000000025de                ULFRCO_IRQHandler
                0x00000000000025de                SW2_IRQHandler
                0x00000000000025de                TIMER2_IRQHandler
                0x00000000000025de                DebugMon_Handler
                0x00000000000025de                USART0_TX_IRQHandler
                0x00000000000025de                PRORTC_IRQHandler
                0x00000000000025de                IADC_IRQHandler
                0x00000000000025de                I2C0_IRQHandler
                0x00000000000025de                LFXO_IRQHandler
                0x00000000000025de                SMU_SECURE_IRQHandler
                0x00000000000025de                SysTick_Handler
                0x00000000000025de                USART1_RX_IRQHandler
                0x00000000000025de                PendSV_Handler
                0x00000000000025de                NMI_Handler
                0x00000000000025de                SYNTH_IRQHandler
                0x00000000000025de                I2C1_IRQHandler
                0x00000000000025de                WDOG0_IRQHandler
                0x00000000000025de                TIMER3_IRQHandler
                0x00000000000025de                SYSCFG_IRQHandler
                0x00000000000025de                EMUSE_IRQHandler
                0x00000000000025de                EMUDG_IRQHandler
                0x00000000000025de                USART1_TX_IRQHandler
                0x00000000000025de                SMU_PRIVILEGED_IRQHandler
                0x00000000000025de                MSC_IRQHandler
                0x00000000000025de                DPLL0_IRQHandler
                0x00000000000025de                UsageFault_Handler
                0x00000000000025de                WDOG1_IRQHandler
                0x00000000000025de                M33CTI1_IRQHandler
                0x00000000000025de                GPIO_EVEN_IRQHandler
                0x00000000000025de                LDMA_IRQHandler
                0x00000000000025de                SEMBTX_IRQHandler
                0x00000000000025de                SW0_IRQHandler
                0x00000000000025de                TIMER0_IRQHandler
                0x00000000000025de                LETIMER0_IRQHandler
                0x00000000000025de                TIMER1_IRQHandler
                0x00000000000025de                HFRCO0_IRQHandler
                0x00000000000025de                SecureFault_Handler
                0x00000000000025de                BUFC_IRQHandler
                0x00000000000025de                MODEM_IRQHandler
                0x00000000000025de                USART2_RX_IRQHandler
                0x00000000000025de                Default_Handler
                0x00000000000025de                RAC_SEQ_IRQHandler
                0x00000000000025de                FRC_PRI_IRQHandler
                0x00000000000025de                EMU_IRQHandler
                0x00000000000025de                SW3_IRQHandler
                0x00000000000025de                KERNEL0_IRQHandler
                0x00000000000025de                FRC_IRQHandler
                0x00000000000025de                KERNEL1_IRQHandler
                0x00000000000025de                AGC_IRQHandler
                0x00000000000025de                HFRCOEM23_IRQHandler
                0x00000000000025de                BURTC_IRQHandler
                0x00000000000025de                SEMBRX_IRQHandler
                0x00000000000025de                LFRCO_IRQHandler
                0x00000000000025de                ACMP0_IRQHandler
                0x00000000000025de                USART0_RX_IRQHandler
                0x00000000000025de                MemManage_Handler
                0x00000000000025de                SVC_Handler
                0x00000000000025de                RTCC_IRQHandler
                0x00000000000025de                HFXO00_IRQHandler
                0x00000000000025de                SW1_IRQHandler
                0x00000000000025de                CMU_IRQHandler
                0x00000000000025de                RAC_RSM_IRQHandler
                0x00000000000025de                SETAMPERHOST_IRQHandler
                0x00000000000025de                GPIO_ODD_IRQHandler
                0x00000000000025de                AES_IRQHandler
                0x00000000000025de                M33CTI0_IRQHandler
                0x00000000000025de                ICACHE0_IRQHandler
                0x00000000000025de                PROTIMER_IRQHandler
                0x00000000000025de                ACMP1_IRQHandler
                0x00000000000025de                BusFault_Handler
                0x00000000000025de                USART2_TX_IRQHandler
 .text.FlashToRamCopy
                0x00000000000025e0       0x16 build/release/sdk/platform/Device/SiliconLabs/MGM21/Source/system_mgm21.o
                0x00000000000025e0                FlashToRamCopy
 .text.CORE_EnterCritical
                0x00000000000025f6        0x8 build/release/sdk/platform/emlib/src/em_core.o
                0x00000000000025f6                CORE_EnterCritical
 .text.CORE_ExitCritical
                0x00000000000025fe        0x6 build/release/sdk/platform/emlib/src/em_core.o
                0x00000000000025fe                CORE_ExitCritical
 .text.BUS_RegMaskedWrite
                0x0000000000002604       0x1e build/release/sdk/platform/emlib/src/em_gpio.o
 .text.SE_addDataInput
                0x0000000000002622       0x14 build/release/sdk/platform/emlib/src/em_se.o
                0x0000000000002622                SE_addDataInput
 .text.SE_addDataOutput
                0x0000000000002636       0x14 build/release/sdk/platform/emlib/src/em_se.o
                0x0000000000002636                SE_addDataOutput
 .text.SE_addParameter
                0x000000000000264a       0x12 build/release/sdk/platform/emlib/src/em_se.o
                0x000000000000264a                SE_addParameter
 .text.SE_executeCommand
                0x000000000000265c       0x3a build/release/sdk/platform/emlib/src/em_se.o
                0x000000000000265c                SE_executeCommand
 .text.TIMER_SyncWait
                0x0000000000002696        0xe build/release/sdk/platform/emlib/src/em_timer.o
                0x0000000000002696                TIMER_SyncWait
 .text.TIMER_Init
                0x00000000000026a4       0x7a build/release/sdk/platform/emlib/src/em_timer.o
                0x00000000000026a4                TIMER_Init
 .text.sli_se_to_sl_status
                0x000000000000271e       0x5c build/release/sdk/platform/security/sl_component/se_manager/src/sl_se_manager.o
                0x000000000000271e                sli_se_to_sl_status
 .text.sli_se_lock_acquire
                0x000000000000277a        0x4 build/release/sdk/platform/security/sl_component/se_manager/src/sl_se_manager.o
                0x000000000000277a                sli_se_lock_acquire
 .text.sli_se_lock_release
                0x000000000000277e        0x4 build/release/sdk/platform/security/sl_component/se_manager/src/sl_se_manager.o
                0x000000000000277e                sli_se_lock_release
 .text.sli_se_execute_and_wait
                0x0000000000002782       0x26 build/release/sdk/platform/security/sl_component/se_manager/src/sl_se_manager.o
                0x0000000000002782                sli_se_execute_and_wait
 .text.mbedtls_aes_init
                0x00000000000027a8        0x8 build/release/sdk/platform/security/sl_component/sl_mbedtls_support/src/se_aes.o
                0x00000000000027a8                mbedtls_aes_init
 .text.mbedtls_aes_setkey_enc
                0x00000000000027b0       0x36 build/release/sdk/platform/security/sl_component/sl_mbedtls_support/src/se_aes.o
                0x00000000000027b0                mbedtls_aes_setkey_enc
 .text.memcpy   0x00000000000027e6       0x1a /opt/arm-gnu-toolchain-12.2.rel1-x86_64-arm-none-eabi/bin/../lib/gcc/arm-none-eabi/12.2.1/../../../../arm-none-eabi/lib/thumb/v8-m.main+fp/hard/libc_nano.a(libc_a-memcpy-stub.o)
                0x00000000000027e6                memcpy
 .text.memcmp   0x0000000000002800       0x20 /opt/arm-gnu-toolchain-12.2.rel1-x86_64-arm-none-eabi/bin/../lib/gcc/arm-none-eabi/12.2.1/../../../../arm-none-eabi/lib/thumb/v8-m.main+fp/hard/libc_nano.a(libc_a-memcmp.o)
                0x0000000000002800                memcmp
 .text.memset   0x0000000000002820       0x10 /opt/arm-gnu-toolchain-12.2.rel1-x86_64-arm-none-eabi/bin/../lib/gcc/arm-none-eabi/12.2.1/../../../../arm-none-eabi/lib/thumb/v8-m.main+fp/hard/libc_nano.a(libc_a-memset.o)
                0x0000000000002820                memset
                0x0000000000002840                . = ALIGN (0x20)
 *fill*         0x0000000000002830       0x10 
                0x0000000000002840                linker_code_end = .
 *(.init)
 .init          0x0000000000002840        0x4 /opt/arm-gnu-toolchain-12.2.rel1-x86_64-arm-none-eabi/bin/../lib/gcc/arm-none-eabi/12.2.1/thumb/v8-m.main+fp/hard/crti.o
                0x0000000000002840                _init
 .init          0x0000000000002844        0x8 /opt/arm-gnu-toolchain-12.2.rel1-x86_64-arm-none-eabi/bin/../lib/gcc/arm-none-eabi/12.2.1/thumb/v8-m.main+fp/hard/crtn.o
 *(.fini)
 .fini          0x000000000000284c        0x4 /opt/arm-gnu-toolchain-12.2.rel1-x86_64-arm-none-eabi/bin/../lib/gcc/arm-none-eabi/12.2.1/thumb/v8-m.main+fp/hard/crti.o
                0x000000000000284c                _fini
 .fini          0x0000000000002850        0x8 /opt/arm-gnu-toolchain-12.2.rel1-x86_64-arm-none-eabi/bin/../lib/gcc/arm-none-eabi/12.2.1/thumb/v8-m.main+fp/hard/crtn.o
 *crtbegin.o(.ctors)
 *crtbegin?.o(.ctors)
 *(EXCLUDE_FILE(*crtend.o *crtend?.o) .ctors)
 *(SORT_BY_NAME(.ctors.*))
 *(.ctors)
 *crtbegin.o(.dtors)
 *crtbegin?.o(.dtors)
 *(EXCLUDE_FILE(*crtend.o *crtend?.o) .dtors)
 *(SORT_BY_NAME(.dtors.*))
 *(.dtors)
                0x0000000000002858                __code_classification_validator_start__ = .
                0x0000000000002878                . = (. + 0x20)
 *fill*         0x0000000000002858       0x20 
 *(code_classification_validator)
                0x0000000000002880                . = ALIGN (0x20)
 *fill*         0x0000000000002878        0x8 
                0x0000000000002880                __code_classification_validator_end__ = .
 *(.rodata*)
 .rodata.parseCb.0
                0x0000000000002880       0x10 build/release/sdk/platform/bootloader/communication/xmodem-uart/btl_comm_xmodem.o
 .rodata.bootloader_xmodem_communication_start.str1.1
                0x0000000000002890       0x47 build/release/sdk/platform/bootloader/communication/xmodem-uart/btl_comm_xmodem_common.o
 .rodata.bootError
                0x00000000000028d7       0x13 build/release/sdk/platform/bootloader/communication/xmodem-uart/btl_comm_xmodem_common.o
 .rodata.fileError
                0x00000000000028ea       0x10 build/release/sdk/platform/bootloader/communication/xmodem-uart/btl_comm_xmodem_common.o
 .rodata.xmodemError
                0x00000000000028fa       0x11 build/release/sdk/platform/bootloader/communication/xmodem-uart/btl_comm_xmodem_common.o
 .rodata.transferAbortedStr
                0x000000000000290b       0x1a build/release/sdk/platform/bootloader/communication/xmodem-uart/btl_comm_xmodem_common.o
 .rodata.transferCompleteStr
                0x0000000000002925       0x1b build/release/sdk/platform/bootloader/communication/xmodem-uart/btl_comm_xmodem_common.o
 .rodata.transferInitStr
                0x0000000000002940       0x11 build/release/sdk/platform/bootloader/communication/xmodem-uart/btl_comm_xmodem_common.o
 .rodata.bootload_checkApplicationPropertiesMagic.str1.1
                0x0000000000002951       0x11 build/release/sdk/platform/bootloader/core/btl_bootload.o
 *fill*         0x0000000000002962        0x2 
 .rodata.sl_app_properties
                0x0000000000002964       0x50 build/release/sdk/platform/bootloader/core/btl_main.o
                0x0000000000002964                sl_app_properties
 .rodata.mainStageTable
                0x00000000000029b4       0x48 build/release/sdk/platform/bootloader/core/btl_main.o
                0x00000000000029b4                mainStageTable
 .rodata        0x00000000000029fc       0x11 build/release/sdk/platform/bootloader/driver/btl_driver_util.o
 *fill*         0x0000000000002a0d        0x3 
 .rodata.gblTagParsingInfoStructs
                0x0000000000002a10       0x90 build/release/sdk/platform/bootloader/parser/gbl/btl_gbl_format.o
                0x0000000000002a10                gblTagParsingInfoStructs
 .rodata.shax_padding
                0x0000000000002aa0       0x40 build/release/sdk/platform/bootloader/security/sha/btl_sha256.o
 .rodata.init_state_sha256
                0x0000000000002ae0       0x20 build/release/sdk/platform/bootloader/security/sha/btl_sha256.o
 *(.eh_frame*)
 .eh_frame      0x0000000000002b00        0x0 /opt/arm-gnu-toolchain-12.2.rel1-x86_64-arm-none-eabi/bin/../lib/gcc/arm-none-eabi/12.2.1/thumb/v8-m.main+fp/hard/crtbegin.o

.glue_7         0x0000000000002b00        0x0
 .glue_7        0x0000000000002b00        0x0 linker stubs

.glue_7t        0x0000000000002b00        0x0
 .glue_7t       0x0000000000002b00        0x0 linker stubs

.vfp11_veneer   0x0000000000002b00        0x0
 .vfp11_veneer  0x0000000000002b00        0x0 linker stubs

.v4_bx          0x0000000000002b00        0x0
 .v4_bx         0x0000000000002b00        0x0 linker stubs

.iplt           0x0000000000002b00        0x0
 .iplt          0x0000000000002b00        0x0 /opt/arm-gnu-toolchain-12.2.rel1-x86_64-arm-none-eabi/bin/../lib/gcc/arm-none-eabi/12.2.1/thumb/v8-m.main+fp/hard/crtbegin.o

.rel.dyn        0x0000000000002b00        0x0
 .rel.iplt      0x0000000000002b00        0x0 /opt/arm-gnu-toolchain-12.2.rel1-x86_64-arm-none-eabi/bin/../lib/gcc/arm-none-eabi/12.2.1/thumb/v8-m.main+fp/hard/crtbegin.o

.gnu.sgstubs    0x0000000000002b00        0x0
                0x0000000000002b00                . = ALIGN (0x20)
                0x0000000000002b00                linker_sg_begin = .
 *(.gnu.sgstubs*)
                0x0000000000002b00                . = ALIGN (0x20)
                0x0000000000002b00                linker_sg_end = (linker_sg_begin + SIZEOF (.gnu.sgstubs))

.ARM.extab
 *(.ARM.extab* .gnu.linkonce.armextab.*)
                0x0000000000002b00                __exidx_start = .

.ARM.exidx
 *(.ARM.exidx* .gnu.linkonce.armexidx.*)
                0x0000000000002b00                __exidx_end = .

.copy.table     0x0000000000002b00        0xc
                0x0000000000002b00                . = ALIGN (0x4)
                0x0000000000002b00                __copy_table_start__ = .
                0x0000000000002b00        0x4 LONG 0x2b0c __etext
                0x0000000000002b04        0x4 LONG 0x20001010 __data_start__
                0x0000000000002b08        0x4 LONG 0x18 ((__data_end__ - __data_start__) / 0x4)
                0x0000000000002b0c                __copy_table_end__ = .

.zero.table     0x0000000000002b0c        0x0
                0x0000000000002b0c                . = ALIGN (0x4)
                0x0000000000002b0c                __zero_table_start__ = .
                0x0000000000002b0c                __zero_table_end__ = .
                0x0000000000002b0c                __etext = .
                0x0000000020000000                . = ORIGIN (BOOTLOADER_RESET_REGION)

.bootloader_reset_section
                0x0000000020000000        0x0
                0x0000000020000000                __ResetReasonStart__ = .
 *(.bootloader_reset_section)
                0x0000000020000004                . = ORIGIN (RAM)

.stack          0x0000000020000008     0x1000
                0x0000000020000008                __StackLimit = .
 *(.stack*)
 .stack         0x0000000020000008     0x1000 build/release/sdk/platform/common/toolchain/src/sl_memory.o
                0x0000000020001008                . = ALIGN (0x4)
                0x0000000020001008                __StackTop = .
                0x0000000020001008                PROVIDE (__stack = __StackTop)

.stackseal      0x0000000020001008        0x8
                0x0000000020001008                __StackSeal = .
                0x0000000020001010                . = (. + 0x8)
 *fill*         0x0000000020001008        0x8 
                0x0000000020001010                . = ALIGN (0x8)

.noinit
 *(.noinit*)

.data           0x0000000020001010       0x60 load address 0x0000000000002b0c
                0x0000000020001010                . = ALIGN (0x4)
                0x0000000020001010                __data_start__ = .
 *(vtable)
 *(SORT_BY_ALIGNMENT(.data*))
 .data.ldmaRxDesc
                0x0000000020001010       0x40 build/release/sdk/platform/bootloader/driver/btl_driver_uart.o
 .data.ldmaTxDesc
                0x0000000020001050       0x10 build/release/sdk/platform/bootloader/driver/btl_driver_uart.o
 .data.sl_uart_init_inst
                0x0000000020001060        0x8 build/release/sdk/platform/bootloader/driver/btl_driver_uart.o
                0x0000000020001060                sl_uart_init_inst
                0x0000000020001068                . = ALIGN (0x4)
                [!provide]                        PROVIDE (__ram_func_section_start = .)
 *(.ram)
                [!provide]                        PROVIDE (__ram_func_section_end = .)
                0x0000000020001068                . = ALIGN (0x4)
                0x0000000020001068                PROVIDE (__preinit_array_start = .)
 *(.preinit_array)
                0x0000000020001068                PROVIDE (__preinit_array_end = .)
                0x0000000020001068                . = ALIGN (0x4)
                0x0000000020001068                PROVIDE (__init_array_start = .)
 *(SORT_BY_NAME(.init_array.*))
 *(.init_array)
 .init_array    0x0000000020001068        0x4 /opt/arm-gnu-toolchain-12.2.rel1-x86_64-arm-none-eabi/bin/../lib/gcc/arm-none-eabi/12.2.1/thumb/v8-m.main+fp/hard/crtbegin.o
                0x000000002000106c                PROVIDE (__init_array_end = .)
                0x000000002000106c                . = ALIGN (0x4)
                [!provide]                        PROVIDE (__fini_array_start = .)
 *(SORT_BY_NAME(.fini_array.*))
 *(.fini_array)
 .fini_array    0x000000002000106c        0x4 /opt/arm-gnu-toolchain-12.2.rel1-x86_64-arm-none-eabi/bin/../lib/gcc/arm-none-eabi/12.2.1/thumb/v8-m.main+fp/hard/crtbegin.o
                [!provide]                        PROVIDE (__fini_array_end = .)
                0x0000000020001070                . = ALIGN (0x4)
                0x0000000020001070                __data_end__ = .
                0x0000000000002b6c                __rom_end__ = (__etext + SIZEOF (.data))

.tm_clone_table
                0x0000000020001070        0x0 load address 0x0000000000002b6c
 .tm_clone_table
                0x0000000020001070        0x0 /opt/arm-gnu-toolchain-12.2.rel1-x86_64-arm-none-eabi/bin/../lib/gcc/arm-none-eabi/12.2.1/thumb/v8-m.main+fp/hard/crtbegin.o
 .tm_clone_table
                0x0000000020001070        0x0 /opt/arm-gnu-toolchain-12.2.rel1-x86_64-arm-none-eabi/bin/../lib/gcc/arm-none-eabi/12.2.1/thumb/v8-m.main+fp/hard/crtend.o

.igot.plt       0x0000000020001070        0x0 load address 0x0000000000002b6c
 .igot.plt      0x0000000020001070        0x0 /opt/arm-gnu-toolchain-12.2.rel1-x86_64-arm-none-eabi/bin/../lib/gcc/arm-none-eabi/12.2.1/thumb/v8-m.main+fp/hard/crtbegin.o

.bss            0x0000000020001070      0x2d4 load address 0x0000000000002b6c
                0x0000000020001070                . = ALIGN (0x4)
                0x0000000020001070                __bss_start__ = .
 *(SORT_BY_ALIGNMENT(.bss*))
 .bss.object.0  0x0000000020001070       0x18 /opt/arm-gnu-toolchain-12.2.rel1-x86_64-arm-none-eabi/bin/../lib/gcc/arm-none-eabi/12.2.1/thumb/v8-m.main+fp/hard/crtbegin.o
 .bss.imageProps.1
                0x0000000020001088       0x2c build/release/sdk/platform/bootloader/communication/xmodem-uart/btl_comm_xmodem.o
 .bss.ticksPerMillisecond
                0x00000000200010b4        0x4 build/release/sdk/platform/bootloader/driver/btl_driver_delay.o
 .bss.rxHead    0x00000000200010b8        0x4 build/release/sdk/platform/bootloader/driver/btl_driver_uart.o
 .bss.delayTarget
                0x00000000200010bc        0x2 build/release/sdk/platform/bootloader/driver/btl_driver_delay.o
 .bss.completed.1
                0x00000000200010be        0x1 /opt/arm-gnu-toolchain-12.2.rel1-x86_64-arm-none-eabi/bin/../lib/gcc/arm-none-eabi/12.2.1/thumb/v8-m.main+fp/hard/crtbegin.o
 .bss.started   0x00000000200010bf        0x1 build/release/sdk/platform/bootloader/communication/xmodem-parser/btl_xmodem.o
 .bss.packetNumber
                0x00000000200010c0        0x1 build/release/sdk/platform/bootloader/communication/xmodem-parser/btl_xmodem.o
 .bss.expectOverflow
                0x00000000200010c1        0x1 build/release/sdk/platform/bootloader/driver/btl_driver_delay.o
 .bss.txBuffer  0x00000000200010c2       0x80 build/release/sdk/platform/bootloader/driver/btl_driver_uart.o
 .bss.rxBuffer  0x0000000020001142      0x200 build/release/sdk/platform/bootloader/driver/btl_driver_uart.o
 *(COMMON)
                0x0000000020001344                . = ALIGN (0x4)
 *fill*         0x0000000020001342        0x2 
                0x0000000020001344                __bss_end__ = .
                0x0000000020001344                __ramfuncs_start__ = .
                0x0000000020001344                __vma_ramfuncs_start__ = .
                0x0000000000002b6c                __lma_ramfuncs_start__ = (__etext + SIZEOF (.data))
                0x0000000000000000                __text_application_ram_offset__ = (. - __vma_ramfuncs_start__)

text_application_ram
                0x0000000020001344        0x0 load address 0x0000000000002b6c
                0x0000000020001344                . = ALIGN (0x4)
                0x0000000020001344                __text_application_ram_start__ = .
 *(text_application_ram)
                0x0000000020001344                . = ALIGN (0x4)
                0x0000000020001344                __text_application_ram_end__ = .
                0x0000000020001344                . = ALIGN (0x4)
                0x0000000020001344                __vma_ramfuncs_end__ = .
                0x0000000000002b6c                __lma_ramfuncs_end__ = ((__lma_ramfuncs_start__ + __text_application_ram_offset__) + SIZEOF (text_application_ram))
                0x0000000020001344                __ramfuncs_end__ = .

.heap           0x0000000020001348      0x800
                0x0000000020001348                __HeapBase = .
                0x0000000020001348                __end__ = .
                0x0000000020001348                end = __end__
                0x0000000020001348                _end = __end__
 *(.heap*)
 .heap          0x0000000020001348      0x800 build/release/sdk/platform/common/toolchain/src/sl_memory.o
                0x0000000020018000                __HeapLimit = (ORIGIN (RAM) + LENGTH (RAM))
                0x0000000000016cb8                __heap_size = (__HeapLimit - __HeapBase)
                0x0000000020018000                __ram_end__ = 0x20018000
                0x00000000000fe000                __main_flash_end__ = 0xfe000

.internal_storage
 *(.internal_storage*)
                0x00000000000fe000                linker_storage_end = __main_flash_end__
                0x00000000000fe000                linker_storage_begin = (linker_storage_end - SIZEOF (.internal_storage))
                0x0000000000000000                linker_storage_size = SIZEOF (.internal_storage)
                0x0000000000000020                _app_rollback_protection_size = 0x20
                0x0000000000000001                ASSERT (((((ORIGIN (FLASH) + LENGTH (FLASH)) - 0x40) - _app_rollback_protection_size) >= (__etext + SIZEOF (.data))), FLASH memory overflowed !)
OUTPUT(build/release/bootloader-uart-xmodem.out elf32-littlearm)
LOAD linker stubs

.ARM.attributes
                0x0000000000000000       0x36
 .ARM.attributes
                0x0000000000000000       0x26 /opt/arm-gnu-toolchain-12.2.rel1-x86_64-arm-none-eabi/bin/../lib/gcc/arm-none-eabi/12.2.1/thumb/v8-m.main+fp/hard/crti.o
 .ARM.attributes
                0x0000000000000026       0x38 /opt/arm-gnu-toolchain-12.2.rel1-x86_64-arm-none-eabi/bin/../lib/gcc/arm-none-eabi/12.2.1/thumb/v8-m.main+fp/hard/crtbegin.o
 .ARM.attributes
                0x000000000000005e       0x3a build/release/sdk/platform/bootloader/communication/xmodem-parser/btl_xmodem.o
 .ARM.attributes
                0x0000000000000098       0x3a build/release/sdk/platform/bootloader/communication/xmodem-uart/btl_comm_xmodem.o
 .ARM.attributes
                0x00000000000000d2       0x3a build/release/sdk/platform/bootloader/communication/xmodem-uart/btl_comm_xmodem_common.o
 .ARM.attributes
                0x000000000000010c       0x3a build/release/sdk/platform/bootloader/core/btl_bootload.o
 .ARM.attributes
                0x0000000000000146       0x3a build/release/sdk/platform/bootloader/core/btl_core.o
 .ARM.attributes
                0x0000000000000180       0x3a build/release/sdk/platform/bootloader/core/btl_main.o
 .ARM.attributes
                0x00000000000001ba       0x3a build/release/sdk/platform/bootloader/core/btl_parse.o
 .ARM.attributes
                0x00000000000001f4       0x3a build/release/sdk/platform/bootloader/core/btl_reset.o
 .ARM.attributes
                0x000000000000022e       0x3a build/release/sdk/platform/bootloader/core/flash/btl_internal_flash.o
 .ARM.attributes
                0x0000000000000268       0x3a build/release/sdk/platform/bootloader/driver/btl_driver_delay.o
 .ARM.attributes
                0x00000000000002a2       0x3a build/release/sdk/platform/bootloader/driver/btl_driver_uart.o
 .ARM.attributes
                0x00000000000002dc       0x3a build/release/sdk/platform/bootloader/driver/btl_driver_util.o
 .ARM.attributes
                0x0000000000000316       0x3a build/release/sdk/platform/bootloader/gpio/gpio-activation/btl_gpio_activation.o
 .ARM.attributes
                0x0000000000000350       0x3a build/release/sdk/platform/bootloader/parser/gbl/btl_gbl_format.o
 .ARM.attributes
                0x000000000000038a       0x3a build/release/sdk/platform/bootloader/parser/gbl/btl_gbl_parser.o
 .ARM.attributes
                0x00000000000003c4       0x3a build/release/sdk/platform/bootloader/security/btl_crc16.o
 .ARM.attributes
                0x00000000000003fe       0x3a build/release/sdk/platform/bootloader/security/btl_crc32.o
 .ARM.attributes
                0x0000000000000438       0x3a build/release/sdk/platform/bootloader/security/btl_security_aes.o
 .ARM.attributes
                0x0000000000000472       0x3a build/release/sdk/platform/bootloader/security/btl_security_ecdsa.o
 .ARM.attributes
                0x00000000000004ac       0x3a build/release/sdk/platform/bootloader/security/btl_security_sha256.o
 .ARM.attributes
                0x00000000000004e6       0x3a build/release/sdk/platform/bootloader/security/btl_security_tokens.o
 .ARM.attributes
                0x0000000000000520       0x3a build/release/sdk/platform/bootloader/security/sha/btl_sha256.o
 .ARM.attributes
                0x000000000000055a       0x3a build/release/sdk/platform/bootloader/security/sha/se_sha.o
 .ARM.attributes
                0x0000000000000594       0x3a build/release/sdk/platform/common/toolchain/src/sl_memory.o
 .ARM.attributes
                0x00000000000005ce       0x3a build/release/sdk/platform/Device/SiliconLabs/MGM21/Source/startup_mgm21.o
 .ARM.attributes
                0x0000000000000608       0x3a build/release/sdk/platform/Device/SiliconLabs/MGM21/Source/system_mgm21.o
 .ARM.attributes
                0x0000000000000642       0x3a build/release/sdk/platform/emlib/src/em_core.o
 .ARM.attributes
                0x000000000000067c       0x3a build/release/sdk/platform/emlib/src/em_gpio.o
 .ARM.attributes
                0x00000000000006b6       0x3a build/release/sdk/platform/emlib/src/em_msc.o
 .ARM.attributes
                0x00000000000006f0       0x3a build/release/sdk/platform/emlib/src/em_se.o
 .ARM.attributes
                0x000000000000072a       0x3a build/release/sdk/platform/emlib/src/em_system.o
 .ARM.attributes
                0x0000000000000764       0x3a build/release/sdk/platform/emlib/src/em_timer.o
 .ARM.attributes
                0x000000000000079e       0x3a build/release/sdk/platform/security/sl_component/se_manager/src/sl_se_manager.o
 .ARM.attributes
                0x00000000000007d8       0x3a build/release/sdk/platform/security/sl_component/se_manager/src/sl_se_manager_util.o
 .ARM.attributes
                0x0000000000000812       0x3a build/release/sdk/platform/security/sl_component/sl_mbedtls_support/src/se_aes.o
 .ARM.attributes
                0x000000000000084c       0x38 /opt/arm-gnu-toolchain-12.2.rel1-x86_64-arm-none-eabi/bin/../lib/gcc/arm-none-eabi/12.2.1/../../../../arm-none-eabi/lib/thumb/v8-m.main+fp/hard/libc_nano.a(libc_a-memcpy-stub.o)
 .ARM.attributes
                0x0000000000000884       0x38 /opt/arm-gnu-toolchain-12.2.rel1-x86_64-arm-none-eabi/bin/../lib/gcc/arm-none-eabi/12.2.1/../../../../arm-none-eabi/lib/thumb/v8-m.main+fp/hard/libc_nano.a(libc_a-memcmp.o)
 .ARM.attributes
                0x00000000000008bc       0x38 /opt/arm-gnu-toolchain-12.2.rel1-x86_64-arm-none-eabi/bin/../lib/gcc/arm-none-eabi/12.2.1/../../../../arm-none-eabi/lib/thumb/v8-m.main+fp/hard/libc_nano.a(libc_a-memset.o)
 .ARM.attributes
                0x00000000000008f4       0x38 /opt/arm-gnu-toolchain-12.2.rel1-x86_64-arm-none-eabi/bin/../lib/gcc/arm-none-eabi/12.2.1/thumb/v8-m.main+fp/hard/crtend.o
 .ARM.attributes
                0x000000000000092c       0x26 /opt/arm-gnu-toolchain-12.2.rel1-x86_64-arm-none-eabi/bin/../lib/gcc/arm-none-eabi/12.2.1/thumb/v8-m.main+fp/hard/crtn.o

.comment        0x0000000000000000       0x45
 .comment       0x0000000000000000       0x45 build/release/sdk/platform/bootloader/communication/xmodem-parser/btl_xmodem.o
                                         0x46 (size before relaxing)
 .comment       0x0000000000000045       0x46 build/release/sdk/platform/bootloader/communication/xmodem-uart/btl_comm_xmodem.o
 .comment       0x0000000000000045       0x46 build/release/sdk/platform/bootloader/communication/xmodem-uart/btl_comm_xmodem_common.o
 .comment       0x0000000000000045       0x46 build/release/sdk/platform/bootloader/core/btl_bootload.o
 .comment       0x0000000000000045       0x46 build/release/sdk/platform/bootloader/core/btl_core.o
 .comment       0x0000000000000045       0x46 build/release/sdk/platform/bootloader/core/btl_main.o
 .comment       0x0000000000000045       0x46 build/release/sdk/platform/bootloader/core/btl_parse.o
 .comment       0x0000000000000045       0x46 build/release/sdk/platform/bootloader/core/btl_reset.o
 .comment       0x0000000000000045       0x46 build/release/sdk/platform/bootloader/core/flash/btl_internal_flash.o
 .comment       0x0000000000000045       0x46 build/release/sdk/platform/bootloader/driver/btl_driver_delay.o
 .comment       0x0000000000000045       0x46 build/release/sdk/platform/bootloader/driver/btl_driver_uart.o
 .comment       0x0000000000000045       0x46 build/release/sdk/platform/bootloader/driver/btl_driver_util.o
 .comment       0x0000000000000045       0x46 build/release/sdk/platform/bootloader/gpio/gpio-activation/btl_gpio_activation.o
 .comment       0x0000000000000045       0x46 build/release/sdk/platform/bootloader/parser/gbl/btl_gbl_format.o
 .comment       0x0000000000000045       0x46 build/release/sdk/platform/bootloader/parser/gbl/btl_gbl_parser.o
 .comment       0x0000000000000045       0x46 build/release/sdk/platform/bootloader/security/btl_crc16.o
 .comment       0x0000000000000045       0x46 build/release/sdk/platform/bootloader/security/btl_crc32.o
 .comment       0x0000000000000045       0x46 build/release/sdk/platform/bootloader/security/btl_security_aes.o
 .comment       0x0000000000000045       0x46 build/release/sdk/platform/bootloader/security/btl_security_ecdsa.o
 .comment       0x0000000000000045       0x46 build/release/sdk/platform/bootloader/security/btl_security_sha256.o
 .comment       0x0000000000000045       0x46 build/release/sdk/platform/bootloader/security/btl_security_tokens.o
 .comment       0x0000000000000045       0x46 build/release/sdk/platform/bootloader/security/sha/btl_sha256.o
 .comment       0x0000000000000045       0x46 build/release/sdk/platform/bootloader/security/sha/se_sha.o
 .comment       0x0000000000000045       0x46 build/release/sdk/platform/common/toolchain/src/sl_memory.o
 .comment       0x0000000000000045       0x46 build/release/sdk/platform/Device/SiliconLabs/MGM21/Source/startup_mgm21.o
 .comment       0x0000000000000045       0x46 build/release/sdk/platform/Device/SiliconLabs/MGM21/Source/system_mgm21.o
 .comment       0x0000000000000045       0x46 build/release/sdk/platform/emlib/src/em_core.o
 .comment       0x0000000000000045       0x46 build/release/sdk/platform/emlib/src/em_gpio.o
 .comment       0x0000000000000045       0x46 build/release/sdk/platform/emlib/src/em_msc.o
 .comment       0x0000000000000045       0x46 build/release/sdk/platform/emlib/src/em_se.o
 .comment       0x0000000000000045       0x46 build/release/sdk/platform/emlib/src/em_system.o
 .comment       0x0000000000000045       0x46 build/release/sdk/platform/emlib/src/em_timer.o
 .comment       0x0000000000000045       0x46 build/release/sdk/platform/security/sl_component/se_manager/src/sl_se_manager.o
 .comment       0x0000000000000045       0x46 build/release/sdk/platform/security/sl_component/se_manager/src/sl_se_manager_util.o
 .comment       0x0000000000000045       0x46 build/release/sdk/platform/security/sl_component/sl_mbedtls_support/src/se_aes.o

.debug_info     0x0000000000000000    0x1f777
 .debug_info    0x0000000000000000      0x223 build/release/sdk/platform/bootloader/communication/xmodem-parser/btl_xmodem.o
 .debug_info    0x0000000000000223      0x355 build/release/sdk/platform/bootloader/communication/xmodem-uart/btl_comm_xmodem.o
 .debug_info    0x0000000000000578     0x12ae build/release/sdk/platform/bootloader/communication/xmodem-uart/btl_comm_xmodem_common.o
 .debug_info    0x0000000000001826     0x1f00 build/release/sdk/platform/bootloader/core/btl_bootload.o
 .debug_info    0x0000000000003726       0xe0 build/release/sdk/platform/bootloader/core/btl_core.o
 .debug_info    0x0000000000003806     0x29cc build/release/sdk/platform/bootloader/core/btl_main.o
 .debug_info    0x00000000000061d2      0xad1 build/release/sdk/platform/bootloader/core/btl_parse.o
 .debug_info    0x0000000000006ca3      0x648 build/release/sdk/platform/bootloader/core/btl_reset.o
 .debug_info    0x00000000000072eb      0x3e4 build/release/sdk/platform/bootloader/core/flash/btl_internal_flash.o
 .debug_info    0x00000000000076cf      0x9a2 build/release/sdk/platform/bootloader/driver/btl_driver_delay.o
 .debug_info    0x0000000000008071     0x337b build/release/sdk/platform/bootloader/driver/btl_driver_uart.o
 .debug_info    0x000000000000b3ec     0x1fa8 build/release/sdk/platform/bootloader/driver/btl_driver_util.o
 .debug_info    0x000000000000d394      0xf1c build/release/sdk/platform/bootloader/gpio/gpio-activation/btl_gpio_activation.o
 .debug_info    0x000000000000e2b0      0x23a build/release/sdk/platform/bootloader/parser/gbl/btl_gbl_format.o
 .debug_info    0x000000000000e4ea     0x22e0 build/release/sdk/platform/bootloader/parser/gbl/btl_gbl_parser.o
 .debug_info    0x00000000000107ca      0x162 build/release/sdk/platform/bootloader/security/btl_crc16.o
 .debug_info    0x000000000001092c      0x390 build/release/sdk/platform/bootloader/security/btl_crc32.o
 .debug_info    0x0000000000010cbc      0x671 build/release/sdk/platform/bootloader/security/btl_security_aes.o
 .debug_info    0x000000000001132d      0x4d5 build/release/sdk/platform/bootloader/security/btl_security_ecdsa.o
 .debug_info    0x0000000000011802      0x3b3 build/release/sdk/platform/bootloader/security/btl_security_sha256.o
 .debug_info    0x0000000000011bb5      0x34e build/release/sdk/platform/bootloader/security/btl_security_tokens.o
 .debug_info    0x0000000000011f03      0x878 build/release/sdk/platform/bootloader/security/sha/btl_sha256.o
 .debug_info    0x000000000001277b      0x481 build/release/sdk/platform/bootloader/security/sha/se_sha.o
 .debug_info    0x0000000000012bfc      0x1db build/release/sdk/platform/common/toolchain/src/sl_memory.o
 .debug_info    0x0000000000012dd7      0xa91 build/release/sdk/platform/Device/SiliconLabs/MGM21/Source/startup_mgm21.o
 .debug_info    0x0000000000013868     0x10e8 build/release/sdk/platform/Device/SiliconLabs/MGM21/Source/system_mgm21.o
 .debug_info    0x0000000000014950      0xe92 build/release/sdk/platform/emlib/src/em_core.o
 .debug_info    0x00000000000157e2     0x1ab7 build/release/sdk/platform/emlib/src/em_gpio.o
 .debug_info    0x0000000000017299     0x1bc7 build/release/sdk/platform/emlib/src/em_msc.o
 .debug_info    0x0000000000018e60     0x104d build/release/sdk/platform/emlib/src/em_se.o
 .debug_info    0x0000000000019ead      0xd18 build/release/sdk/platform/emlib/src/em_system.o
 .debug_info    0x000000000001abc5     0x2311 build/release/sdk/platform/emlib/src/em_timer.o
 .debug_info    0x000000000001ced6      0x4c5 build/release/sdk/platform/security/sl_component/se_manager/src/sl_se_manager.o
 .debug_info    0x000000000001d39b     0x1994 build/release/sdk/platform/security/sl_component/se_manager/src/sl_se_manager_util.o
 .debug_info    0x000000000001ed2f      0xa48 build/release/sdk/platform/security/sl_component/sl_mbedtls_support/src/se_aes.o

.debug_abbrev   0x0000000000000000     0x53db
 .debug_abbrev  0x0000000000000000      0x13b build/release/sdk/platform/bootloader/communication/xmodem-parser/btl_xmodem.o
 .debug_abbrev  0x000000000000013b      0x190 build/release/sdk/platform/bootloader/communication/xmodem-uart/btl_comm_xmodem.o
 .debug_abbrev  0x00000000000002cb      0x3a2 build/release/sdk/platform/bootloader/communication/xmodem-uart/btl_comm_xmodem_common.o
 .debug_abbrev  0x000000000000066d      0x4b7 build/release/sdk/platform/bootloader/core/btl_bootload.o
 .debug_abbrev  0x0000000000000b24       0x8e build/release/sdk/platform/bootloader/core/btl_core.o
 .debug_abbrev  0x0000000000000bb2      0x489 build/release/sdk/platform/bootloader/core/btl_main.o
 .debug_abbrev  0x000000000000103b      0x24b build/release/sdk/platform/bootloader/core/btl_parse.o
 .debug_abbrev  0x0000000000001286      0x1ef build/release/sdk/platform/bootloader/core/btl_reset.o
 .debug_abbrev  0x0000000000001475      0x13c build/release/sdk/platform/bootloader/core/flash/btl_internal_flash.o
 .debug_abbrev  0x00000000000015b1      0x22a build/release/sdk/platform/bootloader/driver/btl_driver_delay.o
 .debug_abbrev  0x00000000000017db      0x3ff build/release/sdk/platform/bootloader/driver/btl_driver_uart.o
 .debug_abbrev  0x0000000000001bda      0x17d build/release/sdk/platform/bootloader/driver/btl_driver_util.o
 .debug_abbrev  0x0000000000001d57      0x238 build/release/sdk/platform/bootloader/gpio/gpio-activation/btl_gpio_activation.o
 .debug_abbrev  0x0000000000001f8f      0x109 build/release/sdk/platform/bootloader/parser/gbl/btl_gbl_format.o
 .debug_abbrev  0x0000000000002098      0x49f build/release/sdk/platform/bootloader/parser/gbl/btl_gbl_parser.o
 .debug_abbrev  0x0000000000002537       0xb3 build/release/sdk/platform/bootloader/security/btl_crc16.o
 .debug_abbrev  0x00000000000025ea       0xdc build/release/sdk/platform/bootloader/security/btl_crc32.o
 .debug_abbrev  0x00000000000026c6      0x213 build/release/sdk/platform/bootloader/security/btl_security_aes.o
 .debug_abbrev  0x00000000000028d9      0x196 build/release/sdk/platform/bootloader/security/btl_security_ecdsa.o
 .debug_abbrev  0x0000000000002a6f      0x1c9 build/release/sdk/platform/bootloader/security/btl_security_sha256.o
 .debug_abbrev  0x0000000000002c38      0x17b build/release/sdk/platform/bootloader/security/btl_security_tokens.o
 .debug_abbrev  0x0000000000002db3      0x27f build/release/sdk/platform/bootloader/security/sha/btl_sha256.o
 .debug_abbrev  0x0000000000003032      0x1b8 build/release/sdk/platform/bootloader/security/sha/se_sha.o
 .debug_abbrev  0x00000000000031ea      0x123 build/release/sdk/platform/common/toolchain/src/sl_memory.o
 .debug_abbrev  0x000000000000330d      0x293 build/release/sdk/platform/Device/SiliconLabs/MGM21/Source/startup_mgm21.o
 .debug_abbrev  0x00000000000035a0      0x2c0 build/release/sdk/platform/Device/SiliconLabs/MGM21/Source/system_mgm21.o
 .debug_abbrev  0x0000000000003860      0x35e build/release/sdk/platform/emlib/src/em_core.o
 .debug_abbrev  0x0000000000003bbe      0x36e build/release/sdk/platform/emlib/src/em_gpio.o
 .debug_abbrev  0x0000000000003f2c      0x2ef build/release/sdk/platform/emlib/src/em_msc.o
 .debug_abbrev  0x000000000000421b      0x2ec build/release/sdk/platform/emlib/src/em_se.o
 .debug_abbrev  0x0000000000004507      0x294 build/release/sdk/platform/emlib/src/em_system.o
 .debug_abbrev  0x000000000000479b      0x375 build/release/sdk/platform/emlib/src/em_timer.o
 .debug_abbrev  0x0000000000004b10      0x292 build/release/sdk/platform/security/sl_component/se_manager/src/sl_se_manager.o
 .debug_abbrev  0x0000000000004da2      0x36f build/release/sdk/platform/security/sl_component/se_manager/src/sl_se_manager_util.o
 .debug_abbrev  0x0000000000005111      0x2ca build/release/sdk/platform/security/sl_component/sl_mbedtls_support/src/se_aes.o

.debug_loclists
                0x0000000000000000     0x523c
 .debug_loclists
                0x0000000000000000       0xe7 build/release/sdk/platform/bootloader/communication/xmodem-parser/btl_xmodem.o
 .debug_loclists
                0x00000000000000e7      0x274 build/release/sdk/platform/bootloader/communication/xmodem-uart/btl_comm_xmodem_common.o
 .debug_loclists
                0x000000000000035b      0x610 build/release/sdk/platform/bootloader/core/btl_bootload.o
 .debug_loclists
                0x000000000000096b      0x123 build/release/sdk/platform/bootloader/core/btl_main.o
 .debug_loclists
                0x0000000000000a8e      0x12d build/release/sdk/platform/bootloader/core/btl_parse.o
 .debug_loclists
                0x0000000000000bbb       0x3a build/release/sdk/platform/bootloader/core/btl_reset.o
 .debug_loclists
                0x0000000000000bf5      0x178 build/release/sdk/platform/bootloader/core/flash/btl_internal_flash.o
 .debug_loclists
                0x0000000000000d6d       0xf1 build/release/sdk/platform/bootloader/driver/btl_driver_delay.o
 .debug_loclists
                0x0000000000000e5e      0x393 build/release/sdk/platform/bootloader/driver/btl_driver_uart.o
 .debug_loclists
                0x00000000000011f1       0x5f build/release/sdk/platform/bootloader/driver/btl_driver_util.o
 .debug_loclists
                0x0000000000001250       0x4e build/release/sdk/platform/bootloader/gpio/gpio-activation/btl_gpio_activation.o
 .debug_loclists
                0x000000000000129e       0x35 build/release/sdk/platform/bootloader/parser/gbl/btl_gbl_format.o
 .debug_loclists
                0x00000000000012d3      0xa4c build/release/sdk/platform/bootloader/parser/gbl/btl_gbl_parser.o
 .debug_loclists
                0x0000000000001d1f       0xe2 build/release/sdk/platform/bootloader/security/btl_crc16.o
 .debug_loclists
                0x0000000000001e01       0x6a build/release/sdk/platform/bootloader/security/btl_crc32.o
 .debug_loclists
                0x0000000000001e6b      0x28c build/release/sdk/platform/bootloader/security/btl_security_aes.o
 .debug_loclists
                0x00000000000020f7       0xcf build/release/sdk/platform/bootloader/security/btl_security_ecdsa.o
 .debug_loclists
                0x00000000000021c6      0x166 build/release/sdk/platform/bootloader/security/btl_security_sha256.o
 .debug_loclists
                0x000000000000232c       0x22 build/release/sdk/platform/bootloader/security/btl_security_tokens.o
 .debug_loclists
                0x000000000000234e      0x4fb build/release/sdk/platform/bootloader/security/sha/btl_sha256.o
 .debug_loclists
                0x0000000000002849       0x8d build/release/sdk/platform/bootloader/security/sha/se_sha.o
 .debug_loclists
                0x00000000000028d6       0x7b build/release/sdk/platform/common/toolchain/src/sl_memory.o
 .debug_loclists
                0x0000000000002951      0x179 build/release/sdk/platform/Device/SiliconLabs/MGM21/Source/system_mgm21.o
 .debug_loclists
                0x0000000000002aca      0x336 build/release/sdk/platform/emlib/src/em_core.o
 .debug_loclists
                0x0000000000002e00      0x3e9 build/release/sdk/platform/emlib/src/em_gpio.o
 .debug_loclists
                0x00000000000031e9      0x517 build/release/sdk/platform/emlib/src/em_msc.o
 .debug_loclists
                0x0000000000003700      0x384 build/release/sdk/platform/emlib/src/em_se.o
 .debug_loclists
                0x0000000000003a84       0xce build/release/sdk/platform/emlib/src/em_system.o
 .debug_loclists
                0x0000000000003b52      0x299 build/release/sdk/platform/emlib/src/em_timer.o
 .debug_loclists
                0x0000000000003deb      0x160 build/release/sdk/platform/security/sl_component/se_manager/src/sl_se_manager.o
 .debug_loclists
                0x0000000000003f4b      0xf46 build/release/sdk/platform/security/sl_component/se_manager/src/sl_se_manager_util.o
 .debug_loclists
                0x0000000000004e91      0x3ab build/release/sdk/platform/security/sl_component/sl_mbedtls_support/src/se_aes.o

.debug_aranges  0x0000000000000000      0xb68
 .debug_aranges
                0x0000000000000000       0x30 build/release/sdk/platform/bootloader/communication/xmodem-parser/btl_xmodem.o
 .debug_aranges
                0x0000000000000030       0x38 build/release/sdk/platform/bootloader/communication/xmodem-uart/btl_comm_xmodem.o
 .debug_aranges
                0x0000000000000068       0x38 build/release/sdk/platform/bootloader/communication/xmodem-uart/btl_comm_xmodem_common.o
 .debug_aranges
                0x00000000000000a0       0xe8 build/release/sdk/platform/bootloader/core/btl_bootload.o
 .debug_aranges
                0x0000000000000188       0x28 build/release/sdk/platform/bootloader/core/btl_core.o
 .debug_aranges
                0x00000000000001b0       0x40 build/release/sdk/platform/bootloader/core/btl_main.o
 .debug_aranges
                0x00000000000001f0       0x38 build/release/sdk/platform/bootloader/core/btl_parse.o
 .debug_aranges
                0x0000000000000228       0x68 build/release/sdk/platform/bootloader/core/btl_reset.o
 .debug_aranges
                0x0000000000000290       0x30 build/release/sdk/platform/bootloader/core/flash/btl_internal_flash.o
 .debug_aranges
                0x00000000000002c0       0x38 build/release/sdk/platform/bootloader/driver/btl_driver_delay.o
 .debug_aranges
                0x00000000000002f8       0x68 build/release/sdk/platform/bootloader/driver/btl_driver_uart.o
 .debug_aranges
                0x0000000000000360       0x28 build/release/sdk/platform/bootloader/driver/btl_driver_util.o
 .debug_aranges
                0x0000000000000388       0x20 build/release/sdk/platform/bootloader/gpio/gpio-activation/btl_gpio_activation.o
 .debug_aranges
                0x00000000000003a8       0x20 build/release/sdk/platform/bootloader/parser/gbl/btl_gbl_format.o
 .debug_aranges
                0x00000000000003c8       0x50 build/release/sdk/platform/bootloader/parser/gbl/btl_gbl_parser.o
 .debug_aranges
                0x0000000000000418       0x28 build/release/sdk/platform/bootloader/security/btl_crc16.o
 .debug_aranges
                0x0000000000000440       0x20 build/release/sdk/platform/bootloader/security/btl_crc32.o
 .debug_aranges
                0x0000000000000460       0x40 build/release/sdk/platform/bootloader/security/btl_security_aes.o
 .debug_aranges
                0x00000000000004a0       0x20 build/release/sdk/platform/bootloader/security/btl_security_ecdsa.o
 .debug_aranges
                0x00000000000004c0       0x38 build/release/sdk/platform/bootloader/security/btl_security_sha256.o
 .debug_aranges
                0x00000000000004f8       0x30 build/release/sdk/platform/bootloader/security/btl_security_tokens.o
 .debug_aranges
                0x0000000000000528       0x50 build/release/sdk/platform/bootloader/security/sha/btl_sha256.o
 .debug_aranges
                0x0000000000000578       0x20 build/release/sdk/platform/bootloader/security/sha/se_sha.o
 .debug_aranges
                0x0000000000000598       0x30 build/release/sdk/platform/common/toolchain/src/sl_memory.o
 .debug_aranges
                0x00000000000005c8       0x40 build/release/sdk/platform/Device/SiliconLabs/MGM21/Source/startup_mgm21.o
 .debug_aranges
                0x0000000000000608       0x98 build/release/sdk/platform/Device/SiliconLabs/MGM21/Source/system_mgm21.o
 .debug_aranges
                0x00000000000006a0       0xe8 build/release/sdk/platform/emlib/src/em_core.o
 .debug_aranges
                0x0000000000000788       0x50 build/release/sdk/platform/emlib/src/em_gpio.o
 .debug_aranges
                0x00000000000007d8       0x68 build/release/sdk/platform/emlib/src/em_msc.o
 .debug_aranges
                0x0000000000000840       0xa8 build/release/sdk/platform/emlib/src/em_se.o
 .debug_aranges
                0x00000000000008e8       0x78 build/release/sdk/platform/emlib/src/em_system.o
 .debug_aranges
                0x0000000000000960       0x48 build/release/sdk/platform/emlib/src/em_timer.o
 .debug_aranges
                0x00000000000009a8       0x60 build/release/sdk/platform/security/sl_component/se_manager/src/sl_se_manager.o
 .debug_aranges
                0x0000000000000a08      0x118 build/release/sdk/platform/security/sl_component/se_manager/src/sl_se_manager_util.o
 .debug_aranges
                0x0000000000000b20       0x48 build/release/sdk/platform/security/sl_component/sl_mbedtls_support/src/se_aes.o

.debug_rnglists
                0x0000000000000000      0xbed
 .debug_rnglists
                0x0000000000000000       0x20 build/release/sdk/platform/bootloader/communication/xmodem-parser/btl_xmodem.o
 .debug_rnglists
                0x0000000000000020       0x25 build/release/sdk/platform/bootloader/communication/xmodem-uart/btl_comm_xmodem.o
 .debug_rnglists
                0x0000000000000045       0x57 build/release/sdk/platform/bootloader/communication/xmodem-uart/btl_comm_xmodem_common.o
 .debug_rnglists
                0x000000000000009c       0xcf build/release/sdk/platform/bootloader/core/btl_bootload.o
 .debug_rnglists
                0x000000000000016b       0x19 build/release/sdk/platform/bootloader/core/btl_core.o
 .debug_rnglists
                0x0000000000000184       0x39 build/release/sdk/platform/bootloader/core/btl_main.o
 .debug_rnglists
                0x00000000000001bd       0x25 build/release/sdk/platform/bootloader/core/btl_parse.o
 .debug_rnglists
                0x00000000000001e2       0x49 build/release/sdk/platform/bootloader/core/btl_reset.o
 .debug_rnglists
                0x000000000000022b       0x1f build/release/sdk/platform/bootloader/core/flash/btl_internal_flash.o
 .debug_rnglists
                0x000000000000024a       0x25 build/release/sdk/platform/bootloader/driver/btl_driver_delay.o
 .debug_rnglists
                0x000000000000026f       0x6f build/release/sdk/platform/bootloader/driver/btl_driver_uart.o
 .debug_rnglists
                0x00000000000002de       0x1a build/release/sdk/platform/bootloader/driver/btl_driver_util.o
 .debug_rnglists
                0x00000000000002f8       0x3a build/release/sdk/platform/bootloader/gpio/gpio-activation/btl_gpio_activation.o
 .debug_rnglists
                0x0000000000000332       0x1f build/release/sdk/platform/bootloader/parser/gbl/btl_gbl_format.o
 .debug_rnglists
                0x0000000000000351       0xf7 build/release/sdk/platform/bootloader/parser/gbl/btl_gbl_parser.o
 .debug_rnglists
                0x0000000000000448       0x19 build/release/sdk/platform/bootloader/security/btl_crc16.o
 .debug_rnglists
                0x0000000000000461       0x13 build/release/sdk/platform/bootloader/security/btl_crc32.o
 .debug_rnglists
                0x0000000000000474       0x2b build/release/sdk/platform/bootloader/security/btl_security_aes.o
 .debug_rnglists
                0x000000000000049f       0x2c build/release/sdk/platform/bootloader/security/btl_security_ecdsa.o
 .debug_rnglists
                0x00000000000004cb       0x31 build/release/sdk/platform/bootloader/security/btl_security_sha256.o
 .debug_rnglists
                0x00000000000004fc       0x1f build/release/sdk/platform/bootloader/security/btl_security_tokens.o
 .debug_rnglists
                0x000000000000051b       0x72 build/release/sdk/platform/bootloader/security/sha/btl_sha256.o
 .debug_rnglists
                0x000000000000058d       0x20 build/release/sdk/platform/bootloader/security/sha/se_sha.o
 .debug_rnglists
                0x00000000000005ad       0x1f build/release/sdk/platform/common/toolchain/src/sl_memory.o
 .debug_rnglists
                0x00000000000005cc       0x37 build/release/sdk/platform/Device/SiliconLabs/MGM21/Source/startup_mgm21.o
 .debug_rnglists
                0x0000000000000603       0x6e build/release/sdk/platform/Device/SiliconLabs/MGM21/Source/system_mgm21.o
 .debug_rnglists
                0x0000000000000671      0x10c build/release/sdk/platform/emlib/src/em_core.o
 .debug_rnglists
                0x000000000000077d       0x9c build/release/sdk/platform/emlib/src/em_gpio.o
 .debug_rnglists
                0x0000000000000819       0x7f build/release/sdk/platform/emlib/src/em_msc.o
 .debug_rnglists
                0x0000000000000898       0xc8 build/release/sdk/platform/emlib/src/em_se.o
 .debug_rnglists
                0x0000000000000960       0x61 build/release/sdk/platform/emlib/src/em_system.o
 .debug_rnglists
                0x00000000000009c1       0x4b build/release/sdk/platform/emlib/src/em_timer.o
 .debug_rnglists
                0x0000000000000a0c       0x4f build/release/sdk/platform/security/sl_component/se_manager/src/sl_se_manager.o
 .debug_rnglists
                0x0000000000000a5b       0xf4 build/release/sdk/platform/security/sl_component/se_manager/src/sl_se_manager_util.o
 .debug_rnglists
                0x0000000000000b4f       0x9e build/release/sdk/platform/security/sl_component/sl_mbedtls_support/src/se_aes.o

.debug_line     0x0000000000000000     0xb6ff
 .debug_line    0x0000000000000000      0x2f4 build/release/sdk/platform/bootloader/communication/xmodem-parser/btl_xmodem.o
 .debug_line    0x00000000000002f4      0x2d8 build/release/sdk/platform/bootloader/communication/xmodem-uart/btl_comm_xmodem.o
 .debug_line    0x00000000000005cc      0x906 build/release/sdk/platform/bootloader/communication/xmodem-uart/btl_comm_xmodem_common.o
 .debug_line    0x0000000000000ed2      0xab1 build/release/sdk/platform/bootloader/core/btl_bootload.o
 .debug_line    0x0000000000001983      0x140 build/release/sdk/platform/bootloader/core/btl_core.o
 .debug_line    0x0000000000001ac3      0x7ba build/release/sdk/platform/bootloader/core/btl_main.o
 .debug_line    0x000000000000227d      0x4a8 build/release/sdk/platform/bootloader/core/btl_parse.o
 .debug_line    0x0000000000002725      0x394 build/release/sdk/platform/bootloader/core/btl_reset.o
 .debug_line    0x0000000000002ab9      0x285 build/release/sdk/platform/bootloader/core/flash/btl_internal_flash.o
 .debug_line    0x0000000000002d3e      0x310 build/release/sdk/platform/bootloader/driver/btl_driver_delay.o
 .debug_line    0x000000000000304e      0x8ee build/release/sdk/platform/bootloader/driver/btl_driver_uart.o
 .debug_line    0x000000000000393c      0x28d build/release/sdk/platform/bootloader/driver/btl_driver_util.o
 .debug_line    0x0000000000003bc9      0x288 build/release/sdk/platform/bootloader/gpio/gpio-activation/btl_gpio_activation.o
 .debug_line    0x0000000000003e51      0x1e3 build/release/sdk/platform/bootloader/parser/gbl/btl_gbl_format.o
 .debug_line    0x0000000000004034      0xfe3 build/release/sdk/platform/bootloader/parser/gbl/btl_gbl_parser.o
 .debug_line    0x0000000000005017      0x20f build/release/sdk/platform/bootloader/security/btl_crc16.o
 .debug_line    0x0000000000005226      0x223 build/release/sdk/platform/bootloader/security/btl_crc32.o
 .debug_line    0x0000000000005449      0x3c2 build/release/sdk/platform/bootloader/security/btl_security_aes.o
 .debug_line    0x000000000000580b      0x329 build/release/sdk/platform/bootloader/security/btl_security_ecdsa.o
 .debug_line    0x0000000000005b34      0x289 build/release/sdk/platform/bootloader/security/btl_security_sha256.o
 .debug_line    0x0000000000005dbd      0x2e0 build/release/sdk/platform/bootloader/security/btl_security_tokens.o
 .debug_line    0x000000000000609d      0x48f build/release/sdk/platform/bootloader/security/sha/btl_sha256.o
 .debug_line    0x000000000000652c      0x2e9 build/release/sdk/platform/bootloader/security/sha/se_sha.o
 .debug_line    0x0000000000006815      0x248 build/release/sdk/platform/common/toolchain/src/sl_memory.o
 .debug_line    0x0000000000006a5d      0x380 build/release/sdk/platform/Device/SiliconLabs/MGM21/Source/startup_mgm21.o
 .debug_line    0x0000000000006ddd      0x46b build/release/sdk/platform/Device/SiliconLabs/MGM21/Source/system_mgm21.o
 .debug_line    0x0000000000007248      0x76f build/release/sdk/platform/emlib/src/em_core.o
 .debug_line    0x00000000000079b7      0x51a build/release/sdk/platform/emlib/src/em_gpio.o
 .debug_line    0x0000000000007ed1      0x8b1 build/release/sdk/platform/emlib/src/em_msc.o
 .debug_line    0x0000000000008782      0x97a build/release/sdk/platform/emlib/src/em_se.o
 .debug_line    0x00000000000090fc      0x3d6 build/release/sdk/platform/emlib/src/em_system.o
 .debug_line    0x00000000000094d2      0x67f build/release/sdk/platform/emlib/src/em_timer.o
 .debug_line    0x0000000000009b51      0x42a build/release/sdk/platform/security/sl_component/se_manager/src/sl_se_manager.o
 .debug_line    0x0000000000009f7b      0xf91 build/release/sdk/platform/security/sl_component/se_manager/src/sl_se_manager_util.o
 .debug_line    0x000000000000af0c      0x7f3 build/release/sdk/platform/security/sl_component/sl_mbedtls_support/src/se_aes.o

.debug_str      0x0000000000000000     0x9ad4
 .debug_str     0x0000000000000000      0x24c build/release/sdk/platform/bootloader/communication/xmodem-parser/btl_xmodem.o
                                        0x2b2 (size before relaxing)
 .debug_str     0x000000000000024c      0x234 build/release/sdk/platform/bootloader/communication/xmodem-uart/btl_comm_xmodem.o
                                        0x460 (size before relaxing)
 .debug_str     0x0000000000000480      0x85b build/release/sdk/platform/bootloader/communication/xmodem-uart/btl_comm_xmodem_common.o
                                        0xcef (size before relaxing)
 .debug_str     0x0000000000000cdb      0xdcd build/release/sdk/platform/bootloader/core/btl_bootload.o
                                       0x133a (size before relaxing)
 .debug_str     0x0000000000001aa8       0x4a build/release/sdk/platform/bootloader/core/btl_core.o
                                        0x1de (size before relaxing)
 .debug_str     0x0000000000001af2      0xa3f build/release/sdk/platform/bootloader/core/btl_main.o
                                       0x1b23 (size before relaxing)
 .debug_str     0x0000000000002531       0x57 build/release/sdk/platform/bootloader/core/btl_parse.o
                                        0xa47 (size before relaxing)
 .debug_str     0x0000000000002588      0x12c build/release/sdk/platform/bootloader/core/btl_reset.o
                                        0x466 (size before relaxing)
 .debug_str     0x00000000000026b4      0x39f build/release/sdk/platform/bootloader/core/flash/btl_internal_flash.o
                                        0x58a (size before relaxing)
 .debug_str     0x0000000000002a53      0x4e2 build/release/sdk/platform/bootloader/driver/btl_driver_delay.o
                                        0x8ba (size before relaxing)
 .debug_str     0x0000000000002f35     0x1c1b build/release/sdk/platform/bootloader/driver/btl_driver_uart.o
                                       0x2a38 (size before relaxing)
 .debug_str     0x0000000000004b50       0x94 build/release/sdk/platform/bootloader/driver/btl_driver_util.o
                                       0x157a (size before relaxing)
 .debug_str     0x0000000000004be4       0x6f build/release/sdk/platform/bootloader/gpio/gpio-activation/btl_gpio_activation.o
                                        0xdba (size before relaxing)
 .debug_str     0x0000000000004c53       0xb7 build/release/sdk/platform/bootloader/parser/gbl/btl_gbl_format.o
                                        0x465 (size before relaxing)
 .debug_str     0x0000000000004d0a      0x357 build/release/sdk/platform/bootloader/parser/gbl/btl_gbl_parser.o
                                       0x10a7 (size before relaxing)
 .debug_str     0x0000000000005061       0x7a build/release/sdk/platform/bootloader/security/btl_crc16.o
                                        0x211 (size before relaxing)
 .debug_str     0x00000000000050db      0x1aa build/release/sdk/platform/bootloader/security/btl_crc32.o
                                        0x436 (size before relaxing)
 .debug_str     0x0000000000005285      0x126 build/release/sdk/platform/bootloader/security/btl_security_aes.o
                                        0x452 (size before relaxing)
 .debug_str     0x00000000000053ab       0x9e build/release/sdk/platform/bootloader/security/btl_security_ecdsa.o
                                        0x3f4 (size before relaxing)
 .debug_str     0x0000000000005449       0xbe build/release/sdk/platform/bootloader/security/btl_security_sha256.o
                                        0x31a (size before relaxing)
 .debug_str     0x0000000000005507      0x104 build/release/sdk/platform/bootloader/security/btl_security_tokens.o
                                        0x38d (size before relaxing)
 .debug_str     0x000000000000560b      0x119 build/release/sdk/platform/bootloader/security/sha/btl_sha256.o
                                        0x391 (size before relaxing)
 .debug_str     0x0000000000005724       0x61 build/release/sdk/platform/bootloader/security/sha/se_sha.o
                                        0x3c9 (size before relaxing)
 .debug_str     0x0000000000005785       0xca build/release/sdk/platform/common/toolchain/src/sl_memory.o
                                        0x271 (size before relaxing)
 .debug_str     0x000000000000584f      0x1be build/release/sdk/platform/Device/SiliconLabs/MGM21/Source/startup_mgm21.o
                                        0x85d (size before relaxing)
 .debug_str     0x0000000000005a0d      0x1ad build/release/sdk/platform/Device/SiliconLabs/MGM21/Source/system_mgm21.o
                                        0xc97 (size before relaxing)
 .debug_str     0x0000000000005bba      0x6e0 build/release/sdk/platform/emlib/src/em_core.o
                                        0x9e9 (size before relaxing)
 .debug_str     0x000000000000629a      0x13e build/release/sdk/platform/emlib/src/em_gpio.o
                                       0x10cd (size before relaxing)
 .debug_str     0x00000000000063d8      0x4d6 build/release/sdk/platform/emlib/src/em_msc.o
                                       0x1012 (size before relaxing)
 .debug_str     0x00000000000068ae      0x314 build/release/sdk/platform/emlib/src/em_se.o
                                        0x6a0 (size before relaxing)
 .debug_str     0x0000000000006bc2      0x4bd build/release/sdk/platform/emlib/src/em_system.o
                                        0xbd5 (size before relaxing)
 .debug_str     0x000000000000707f     0x21d3 build/release/sdk/platform/emlib/src/em_timer.o
                                       0x2a5b (size before relaxing)
 .debug_str     0x0000000000009252      0x10e build/release/sdk/platform/security/sl_component/se_manager/src/sl_se_manager.o
                                        0x443 (size before relaxing)